DEBUG 2025-12-18 14:38:42,477 customer_service 475 139827648566976 Fetching customer list
DEBUG 2025-12-22 10:32:33,791 customer_service 394 140057175389888 Fetching customer list
DEBUG 2025-12-22 10:33:51,611 customer_service 400 139631400056512 Fetching customer list
DEBUG 2025-12-22 10:34:16,851 customer_service 403 140188979295936 Fetching customer list
DEBUG 2026-02-02 08:26:56,485 customer_service 7 126022618089152 Fetching customer list
DEBUG 2026-02-02 08:27:05,226 customer_service 7 126022393525952 Fetching customer list
DEBUG 2026-02-02 08:27:06,400 customer_service 7 126022618089152 Fetching customer list
DEBUG 2026-02-02 08:27:50,481 customer_service 7 126022618089152 Fetching customer list
DEBUG 2026-02-02 08:28:03,843 customer_service 7 126022367299264 Fetching customer list
DEBUG 2026-02-02 08:28:05,118 customer_service 7 126022393525952 Fetching customer list
DEBUG 2026-02-02 08:28:16,202 customer_service 7 126022367299264 Fetching customer list
DEBUG 2026-02-02 08:28:17,424 customer_service 7 126022618089152 Fetching customer list
DEBUG 2026-02-02 08:45:21,102 customer_service 7 126022367299264 Fetching customer list
DEBUG 2026-02-02 08:45:25,388 customer_service 7 126022618089152 Fetching customer list
DEBUG 2026-02-02 13:27:58,912 customer_service 7 133107881604800 Fetching customer list
DEBUG 2026-02-02 13:35:17,935 customer_service 7 133107957274304 Fetching customer list
DEBUG 2026-02-02 13:42:01,418 customer_service 7 133107881604800 Fetching customer list
DEBUG 2026-02-02 13:42:02,864 customer_service 7 133107957274304 Fetching customer list
INFO 2026-02-02 13:42:48,868 customer_service 7 133107881604800 START: Creating new customer 'rwldofsdf'
ERROR 2026-02-02 13:42:48,903 customer_service 7 133107881604800 FAILED: Create customer 'rwldofsdf' failed. Error: User() got unexpected keyword arguments: 'is_customer'
Traceback (most recent call last):
  File "/app/src/apps/dashboard/services/customer_service.py", line 54, in create_customer
    user = self.user_repo.create_customer(user_data)
           ^^^^^^^^^^^^^^^^^^^^^^^^^^^^^^^^^^^^^^^^^
  File "/usr/local/lib/python3.11/contextlib.py", line 81, in inner
    return func(*args, **kwds)
           ^^^^^^^^^^^^^^^^^^^
  File "/app/shared_libs/core/users/services/customers.py", line 44, in create_customer
    user = User.objects.create_user(
           ^^^^^^^^^^^^^^^^^^^^^^^^^
  File "/app/shared_libs/core/users/managers/users.py", line 69, in create_user
    user = self.model(username=username, email=email, **extra_fields)
           ^^^^^^^^^^^^^^^^^^^^^^^^^^^^^^^^^^^^^^^^^^^^^^^^^^^^^^^^^^
  File "/usr/local/lib/python3.11/site-packages/django/db/models/base.py", line 569, in __init__
    raise TypeError(
TypeError: User() got unexpected keyword arguments: 'is_customer'
INFO 2026-02-02 13:42:54,990 customer_service 7 133107881604800 START: Creating new customer 'rwldofsdf'
ERROR 2026-02-02 13:42:55,008 customer_service 7 133107881604800 FAILED: Create customer 'rwldofsdf' failed. Error: User() got unexpected keyword arguments: 'is_customer'
Traceback (most recent call last):
  File "/app/src/apps/dashboard/services/customer_service.py", line 54, in create_customer
    user = self.user_repo.create_customer(user_data)
           ^^^^^^^^^^^^^^^^^^^^^^^^^^^^^^^^^^^^^^^^^
  File "/usr/local/lib/python3.11/contextlib.py", line 81, in inner
    return func(*args, **kwds)
           ^^^^^^^^^^^^^^^^^^^
  File "/app/shared_libs/core/users/services/customers.py", line 44, in create_customer
    user = User.objects.create_user(
           ^^^^^^^^^^^^^^^^^^^^^^^^^
  File "/app/shared_libs/core/users/managers/users.py", line 69, in create_user
    user = self.model(username=username, email=email, **extra_fields)
           ^^^^^^^^^^^^^^^^^^^^^^^^^^^^^^^^^^^^^^^^^^^^^^^^^^^^^^^^^^
  File "/usr/local/lib/python3.11/site-packages/django/db/models/base.py", line 569, in __init__
    raise TypeError(
TypeError: User() got unexpected keyword arguments: 'is_customer'
INFO 2026-02-02 13:47:36,026 customer_service 7 133107881604800 START: Creating new customer 'rwldofsdf'
ERROR 2026-02-02 13:47:36,039 customer_service 7 133107881604800 FAILED: Create customer 'rwldofsdf' failed. Error: User() got unexpected keyword arguments: 'is_customer'
Traceback (most recent call last):
  File "/app/src/apps/dashboard/services/customer_service.py", line 54, in create_customer
    user = self.user_repo.create_customer(user_data)
           ^^^^^^^^^^^^^^^^^^^^^^^^^^^^^^^^^^^^^^^^^
  File "/usr/local/lib/python3.11/contextlib.py", line 81, in inner
    return func(*args, **kwds)
           ^^^^^^^^^^^^^^^^^^^
  File "/app/shared_libs/core/users/services/customers.py", line 44, in create_customer
    user = User.objects.create_user(
           ^^^^^^^^^^^^^^^^^^^^^^^^^
  File "/app/shared_libs/core/users/managers/users.py", line 69, in create_user
    user = self.model(username=username, email=email, **extra_fields)
           ^^^^^^^^^^^^^^^^^^^^^^^^^^^^^^^^^^^^^^^^^^^^^^^^^^^^^^^^^^
  File "/usr/local/lib/python3.11/site-packages/django/db/models/base.py", line 569, in __init__
    raise TypeError(
TypeError: User() got unexpected keyword arguments: 'is_customer'
DEBUG 2026-02-02 13:47:36,697 customer_service 7 133107881604800 Fetching customer list
DEBUG 2026-02-02 13:47:47,242 customer_service 7 133107957274304 Fetching customer list
DEBUG 2026-02-02 13:47:49,937 customer_service 7 133107881604800 Fetching customer list
INFO 2026-02-02 13:48:44,009 customer_service 7 133107957274304 START: Creating new customer 'yy1e223d'
ERROR 2026-02-02 13:48:44,014 customer_service 7 133107957274304 FAILED: Create customer 'yy1e223d' failed. Error: User() got unexpected keyword arguments: 'is_customer'
Traceback (most recent call last):
  File "/app/src/apps/dashboard/services/customer_service.py", line 54, in create_customer
    user = self.user_repo.create_customer(user_data)
           ^^^^^^^^^^^^^^^^^^^^^^^^^^^^^^^^^^^^^^^^^
  File "/usr/local/lib/python3.11/contextlib.py", line 81, in inner
    return func(*args, **kwds)
           ^^^^^^^^^^^^^^^^^^^
  File "/app/shared_libs/core/users/services/customers.py", line 44, in create_customer
    user = User.objects.create_user(
           ^^^^^^^^^^^^^^^^^^^^^^^^^
  File "/app/shared_libs/core/users/managers/users.py", line 69, in create_user
    user = self.model(username=username, email=email, **extra_fields)
           ^^^^^^^^^^^^^^^^^^^^^^^^^^^^^^^^^^^^^^^^^^^^^^^^^^^^^^^^^^
  File "/usr/local/lib/python3.11/site-packages/django/db/models/base.py", line 569, in __init__
    raise TypeError(
TypeError: User() got unexpected keyword arguments: 'is_customer'
DEBUG 2026-02-02 14:37:08,663 customer_service 134 134043798771392 Fetching customer list
INFO 2026-02-02 14:38:08,234 customer_service 134 134043798771392 START: Creating new customer 'fgdfgdffff'
INFO 2026-02-02 14:38:09,983 customer_service 134 134043798771392 User created: ID=2
DEBUG 2026-02-02 14:38:10,003 customer_service 134 134043798771392 Role 'مشتری' assigned to User 2
INFO 2026-02-02 14:38:10,006 customer_service 134 134043798771392 SUCCESS: Customer 'fgdfgdffff' (ID: 2) created fully.
DEBUG 2026-02-02 14:38:10,125 customer_service 134 134043798771392 Fetching customer list
INFO 2026-02-02 14:38:29,616 customer_service 134 134043798771392 Fetching details for Customer 2
DEBUG 2026-02-09 06:04:50,165 customer_service 7 140651370895040 Fetching customer list
INFO 2026-02-09 06:05:08,577 customer_service 7 140651370895040 Fetching details for Customer 2
INFO 2026-02-09 12:25:06,858 customer_service 7 140651614344896 Fetching details for Customer 1
DEBUG 2026-02-10 07:20:00,054 customer_service 7 124657318659776 Fetching customer list
DEBUG 2026-02-10 07:20:58,975 customer_service 7 124657277540032 Fetching customer list
DEBUG 2026-02-10 07:20:59,501 customer_service 7 124657285932736 Fetching customer list
DEBUG 2026-02-10 07:33:12,706 customer_service 7 124657303975616 Fetching customer list
DEBUG 2026-02-10 12:53:11,039 customer_service 878 126928351827648 Fetching customer list
DEBUG 2026-02-10 12:54:23,430 customer_service 878 126928342386368 Fetching customer list
DEBUG 2026-02-12 09:43:18,726 customer_service 202 130740604892864 Fetching customer list
DEBUG 2026-02-12 09:43:22,428 customer_service 202 130739609794240 Fetching customer list
DEBUG 2026-02-12 09:43:23,449 customer_service 202 130740596500160 Fetching customer list
DEBUG 2026-02-12 10:19:51,609 customer_service 248 129122665748160 Fetching customer list
DEBUG 2026-02-12 10:22:39,603 customer_service 248 129122665748160 Fetching customer list
INFO 2026-02-12 10:23:35,945 customer_service 248 129122665748160 Bulk toggling status to True for 1 users
DEBUG 2026-02-12 10:23:36,438 customer_service 248 129122665748160 Fetching customer list
INFO 2026-02-12 10:23:42,401 customer_service 248 129122665748160 Bulk toggling status to True for 1 users
DEBUG 2026-02-12 10:23:42,550 customer_service 248 129122665748160 Fetching customer list
INFO 2026-02-12 10:23:49,443 customer_service 248 129122665748160 Bulk toggling status to True for 1 users
DEBUG 2026-02-12 10:23:49,722 customer_service 248 129122665748160 Fetching customer list
INFO 2026-02-12 10:24:23,821 customer_service 248 129122665748160 Fetching details for Customer 3
DEBUG 2026-02-12 10:26:48,024 customer_service 248 129122680432320 Fetching customer list
DEBUG 2026-02-12 10:26:48,155 customer_service 248 129122680432320 Fetching customer list
DEBUG 2026-02-12 10:27:07,364 customer_service 248 129122680432320 Fetching customer list
DEBUG 2026-02-12 10:27:07,514 customer_service 248 129122680432320 Fetching customer list
DEBUG 2026-02-12 10:27:16,128 customer_service 248 129122665748160 Fetching customer list
DEBUG 2026-02-12 10:27:17,955 customer_service 248 129122680432320 Fetching customer list
DEBUG 2026-02-12 10:31:12,427 customer_service 357 134253863147200 Fetching customer list
DEBUG 2026-02-12 10:31:56,086 customer_service 357 134253852657344 Fetching customer list
DEBUG 2026-02-12 10:31:56,221 customer_service 357 134253852657344 Fetching customer list
DEBUG 2026-02-12 10:32:05,117 customer_service 357 134253852657344 Fetching customer list
DEBUG 2026-02-12 10:32:23,935 customer_service 357 134253863147200 Fetching customer list
DEBUG 2026-02-12 10:32:24,065 customer_service 357 134253863147200 Fetching customer list
DEBUG 2026-02-12 10:32:31,727 customer_service 357 134253863147200 Fetching customer list
DEBUG 2026-02-12 10:32:50,468 customer_service 357 134253843216064 Fetching customer list
DEBUG 2026-02-12 10:32:50,581 customer_service 357 134253843216064 Fetching customer list
DEBUG 2026-02-12 10:32:59,867 customer_service 357 134253852657344 Fetching customer list
DEBUG 2026-02-12 10:32:59,983 customer_service 357 134253843216064 Fetching customer list
DEBUG 2026-02-12 10:33:31,359 customer_service 357 134253852657344 Fetching customer list
DEBUG 2026-02-12 10:33:31,484 customer_service 357 134253852657344 Fetching customer list
DEBUG 2026-02-12 10:33:36,654 customer_service 357 134253852657344 Fetching customer list
DEBUG 2026-02-12 10:33:38,238 customer_service 357 134253852657344 Fetching customer list
DEBUG 2026-02-12 10:34:08,386 customer_service 357 134253863147200 Fetching customer list
DEBUG 2026-02-12 10:34:08,508 customer_service 357 134253863147200 Fetching customer list
DEBUG 2026-02-12 10:34:15,372 customer_service 357 134253852657344 Fetching customer list
DEBUG 2026-02-12 10:34:17,014 customer_service 357 134253852657344 Fetching customer list
DEBUG 2026-02-12 10:39:35,539 customer_service 357 134253852657344 Fetching customer list
DEBUG 2026-02-12 11:23:09,420 customer_service 357 134253863147200 Fetching customer list
DEBUG 2026-02-12 11:23:11,112 customer_service 357 134253863147200 Fetching customer list
DEBUG 2026-02-12 11:23:53,906 customer_service 357 134253852657344 Fetching customer list
DEBUG 2026-02-12 11:23:55,192 customer_service 357 134253852657344 Fetching customer list
DEBUG 2026-02-12 11:45:55,442 customer_service 425 132317830084288 Fetching customer list
DEBUG 2026-02-12 11:48:34,497 customer_service 425 132317853161152 Fetching customer list
DEBUG 2026-02-12 11:48:35,780 customer_service 425 132317853161152 Fetching customer list
DEBUG 2026-02-12 11:52:29,824 customer_service 425 132317853161152 Fetching customer list
DEBUG 2026-02-12 11:52:29,989 customer_service 425 132317853161152 Fetching customer list
DEBUG 2026-02-12 11:52:40,832 customer_service 425 132317830084288 Fetching customer list
DEBUG 2026-02-12 11:52:40,979 customer_service 425 132317830084288 Fetching customer list
DEBUG 2026-02-12 11:52:51,641 customer_service 425 132317853161152 Fetching customer list
DEBUG 2026-02-12 11:52:51,756 customer_service 425 132317853161152 Fetching customer list
DEBUG 2026-02-12 11:53:00,055 customer_service 425 132317830084288 Fetching customer list
DEBUG 2026-02-12 11:53:00,196 customer_service 425 132317830084288 Fetching customer list
DEBUG 2026-02-12 11:53:09,683 customer_service 425 132317853161152 Fetching customer list
DEBUG 2026-02-12 11:53:09,890 customer_service 425 132317853161152 Fetching customer list
DEBUG 2026-02-12 11:53:17,367 customer_service 425 132317830084288 Fetching customer list
DEBUG 2026-02-12 11:53:17,510 customer_service 425 132317830084288 Fetching customer list
DEBUG 2026-02-12 11:54:04,722 customer_service 425 132317853161152 Fetching customer list
DEBUG 2026-02-12 11:54:04,870 customer_service 425 132317853161152 Fetching customer list
DEBUG 2026-02-12 11:55:23,902 customer_service 425 132317830084288 Fetching customer list
DEBUG 2026-02-12 11:55:24,025 customer_service 425 132317830084288 Fetching customer list
DEBUG 2026-02-12 12:06:01,751 customer_service 425 132317853161152 Fetching customer list
DEBUG 2026-02-12 12:06:02,980 customer_service 425 132317853161152 Fetching customer list
DEBUG 2026-02-12 12:08:07,240 customer_service 425 132317830084288 Fetching customer list
DEBUG 2026-02-12 12:08:08,843 customer_service 425 132317830084288 Fetching customer list
DEBUG 2026-02-12 12:09:40,529 customer_service 425 132317853161152 Fetching customer list
DEBUG 2026-02-12 12:09:48,576 customer_service 425 132317853161152 Fetching customer list
DEBUG 2026-02-12 12:09:58,732 customer_service 425 132317465011904 Fetching customer list
DEBUG 2026-02-12 12:10:38,990 customer_service 425 132317465011904 Fetching customer list
DEBUG 2026-02-12 12:11:20,187 customer_service 425 132317830084288 Fetching customer list
DEBUG 2026-02-12 12:11:21,584 customer_service 425 132317465011904 Fetching customer list
DEBUG 2026-02-12 12:11:26,074 customer_service 425 132317830084288 Fetching customer list
DEBUG 2026-02-12 12:11:27,112 customer_service 425 132317465011904 Fetching customer list
DEBUG 2026-02-12 12:11:33,548 customer_service 425 132317465011904 Fetching customer list
DEBUG 2026-02-12 12:11:41,295 customer_service 425 132317853161152 Fetching customer list
DEBUG 2026-02-12 12:11:57,637 customer_service 425 132317448226496 Fetching customer list
DEBUG 2026-02-12 12:11:59,288 customer_service 425 132317448226496 Fetching customer list
DEBUG 2026-02-12 12:12:06,723 customer_service 425 132317853161152 Fetching customer list
DEBUG 2026-02-12 12:12:24,659 customer_service 425 132317853161152 Fetching customer list
DEBUG 2026-02-12 12:12:26,644 customer_service 425 132317853161152 Fetching customer list
DEBUG 2026-02-12 12:13:10,885 customer_service 425 132317853161152 Fetching customer list
DEBUG 2026-02-12 12:13:19,359 customer_service 425 132317448226496 Fetching customer list
DEBUG 2026-02-12 12:13:27,382 customer_service 425 132317830084288 Fetching customer list
DEBUG 2026-02-12 12:13:34,850 customer_service 425 132317465011904 Fetching customer list
DEBUG 2026-02-12 12:13:52,599 customer_service 425 132317465011904 Fetching customer list
DEBUG 2026-02-12 12:13:57,424 customer_service 425 132317465011904 Fetching customer list
DEBUG 2026-02-12 12:15:51,632 customer_service 425 132317465011904 Fetching customer list
DEBUG 2026-02-12 12:15:56,181 customer_service 425 132317465011904 Fetching customer list
DEBUG 2026-02-12 12:16:14,982 customer_service 425 132317465011904 Fetching customer list
DEBUG 2026-02-12 12:18:42,466 customer_service 425 132317830084288 Fetching customer list
DEBUG 2026-02-12 12:20:17,364 customer_service 425 132317830084288 Fetching customer list
DEBUG 2026-02-12 12:20:17,903 customer_service 425 132317830084288 Fetching customer list
DEBUG 2026-02-12 12:20:27,720 customer_service 425 132317830084288 Fetching customer list
DEBUG 2026-02-12 12:20:28,339 customer_service 425 132317830084288 Fetching customer list
DEBUG 2026-02-12 12:31:34,101 customer_service 425 132317448226496 Fetching customer list
INFO 2026-02-12 12:31:34,250 customer_service 425 132317465011904 Fetching details for Customer 3
DEBUG 2026-02-12 12:31:36,044 customer_service 425 132317448226496 Fetching customer list
INFO 2026-02-12 12:31:36,069 customer_service 425 132317830084288 Fetching details for Customer 3
INFO 2026-02-12 12:31:47,514 customer_service 425 132317830084288 Fetching details for Customer 3
DEBUG 2026-02-12 12:32:26,768 customer_service 425 132317830084288 Fetching customer list
INFO 2026-02-12 12:32:26,798 customer_service 425 132317853161152 Fetching details for Customer 3
INFO 2026-02-12 12:32:26,945 customer_service 425 132317853161152 Fetching details for Customer 3
DEBUG 2026-02-12 12:32:26,959 customer_service 425 132317830084288 Fetching customer list
DEBUG 2026-02-12 12:32:34,709 customer_service 425 132317853161152 Fetching customer list
INFO 2026-02-12 12:32:34,720 customer_service 425 132317465011904 Fetching details for Customer 3
INFO 2026-02-12 12:32:34,860 customer_service 425 132317465011904 Fetching details for Customer 3
DEBUG 2026-02-12 12:32:34,876 customer_service 425 132317853161152 Fetching customer list
WARNING 2026-02-12 12:33:58,093 customer_service 425 132317853161152 START: Deleting Customer 3
ERROR 2026-02-12 12:33:58,228 customer_service 425 132317853161152 FAILED: Delete customer 3 error: ("Cannot delete some instances of model 'User' because they are referenced through protected foreign keys: 'Address.user', 'Order.user'.", {<Order: ORD-E6F9D01A | sdssdfsdfsdf>})
Traceback (most recent call last):
  File "/app/src/apps/dashboard/services/customer_service.py", line 97, in delete_customer
    user.delete()
  File "/usr/local/lib/python3.11/site-packages/django/db/models/base.py", line 1280, in delete
    collector.collect([self], keep_parents=keep_parents)
  File "/usr/local/lib/python3.11/site-packages/django/db/models/deletion.py", line 350, in collect
    raise ProtectedError(
django.db.models.deletion.ProtectedError: ("Cannot delete some instances of model 'User' because they are referenced through protected foreign keys: 'Address.user', 'Order.user'.", {<Order: ORD-E6F9D01A | sdssdfsdfsdf>})
WARNING 2026-02-12 12:34:07,910 customer_service 425 132317853161152 START: Deleting Customer 3
ERROR 2026-02-12 12:34:07,996 customer_service 425 132317853161152 FAILED: Delete customer 3 error: ("Cannot delete some instances of model 'User' because they are referenced through protected foreign keys: 'Address.user', 'Order.user'.", {<Order: ORD-E6F9D01A | sdssdfsdfsdf>})
Traceback (most recent call last):
  File "/app/src/apps/dashboard/services/customer_service.py", line 97, in delete_customer
    user.delete()
  File "/usr/local/lib/python3.11/site-packages/django/db/models/base.py", line 1280, in delete
    collector.collect([self], keep_parents=keep_parents)
  File "/usr/local/lib/python3.11/site-packages/django/db/models/deletion.py", line 350, in collect
    raise ProtectedError(
django.db.models.deletion.ProtectedError: ("Cannot delete some instances of model 'User' because they are referenced through protected foreign keys: 'Address.user', 'Order.user'.", {<Order: ORD-E6F9D01A | sdssdfsdfsdf>})
DEBUG 2026-02-12 12:34:44,368 customer_service 425 132317465011904 Fetching customer list
DEBUG 2026-02-12 12:34:46,091 customer_service 425 132317853161152 Fetching customer list
INFO 2026-02-12 12:34:50,993 customer_service 425 132317465011904 Fetching details for Customer 2
DEBUG 2026-02-12 12:34:51,030 customer_service 425 132317830084288 Fetching customer list
DEBUG 2026-02-12 12:34:53,066 customer_service 425 132317830084288 Fetching customer list
INFO 2026-02-12 12:34:54,941 customer_service 425 132317830084288 Fetching details for Customer 2
INFO 2026-02-12 12:35:00,049 customer_service 425 132317830084288 Fetching details for Customer 3
DEBUG 2026-02-19 07:28:34,190 customer_service 170 127619499726528 Fetching customer list
DEBUG 2026-02-19 07:29:45,901 customer_service 170 127619479795392 Fetching customer list
INFO 2026-02-19 07:29:45,928 customer_service 170 127619491333824 Fetching details for Customer 11
DEBUG 2026-02-19 07:29:47,056 customer_service 170 127619491333824 Fetching customer list
INFO 2026-02-19 07:29:47,073 customer_service 170 127619499726528 Fetching details for Customer 11
DEBUG 2026-02-19 07:29:56,836 customer_service 170 127619491333824 Fetching customer list
DEBUG 2026-02-19 07:29:57,860 customer_service 170 127619479795392 Fetching customer list
DEBUG 2026-02-19 08:13:13,843 customer_service 189 139509487527616 Fetching customer list
INFO 2026-02-19 08:13:23,849 customer_service 189 139509487527616 Fetching details for Customer 11
INFO 2026-02-19 08:13:41,093 customer_service 189 139509504313024 Fetching details for Customer 11
DEBUG 2026-02-19 08:15:07,602 customer_service 189 139509504313024 Fetching customer list
INFO 2026-02-19 08:15:09,638 customer_service 189 139509504313024 Fetching details for Customer 11
DEBUG 2026-02-19 08:21:26,242 customer_service 189 139509504313024 Fetching customer list
INFO 2026-02-19 08:21:32,957 customer_service 189 139509504313024 Fetching details for Customer 11
INFO 2026-02-19 08:21:53,668 customer_service 189 139509487527616 Fetching details for Customer 11
DEBUG 2026-02-19 14:53:45,154 customer_service 805 129516080985792 Fetching customer list
DEBUG 2026-02-19 14:55:13,304 customer_service 805 129516437661376 Fetching customer list
DEBUG 2026-02-19 14:55:14,737 customer_service 805 129516080985792 Fetching customer list
DEBUG 2026-02-19 14:58:09,126 customer_service 805 129516080985792 Fetching customer list
DEBUG 2026-02-19 14:58:10,988 customer_service 805 129516437661376 Fetching customer list
DEBUG 2026-02-19 17:00:51,842 customer_service 914 127647855318720 Fetching customer list
DEBUG 2026-02-19 17:00:52,870 customer_service 914 127647635994304 Fetching customer list
DEBUG 2026-02-20 10:37:17,607 customer_service 164 137232350615232 Fetching customer list
DEBUG 2026-02-20 10:40:01,440 customer_service 164 137232102475456 Fetching customer list
DEBUG 2026-02-20 10:40:02,379 customer_service 164 137232102475456 Fetching customer list
DEBUG 2026-02-20 10:40:07,885 customer_service 164 137232102475456 Fetching customer list
DEBUG 2026-02-20 10:40:08,787 customer_service 164 137232102475456 Fetching customer list
DEBUG 2026-02-20 10:40:36,113 customer_service 164 137232342222528 Fetching customer list
DEBUG 2026-02-20 10:40:37,046 customer_service 164 137232350615232 Fetching customer list
INFO 2026-02-20 10:40:37,069 customer_service 164 137232342222528 Fetching details for Customer 11
DEBUG 2026-02-20 10:40:39,221 customer_service 164 137232350615232 Fetching customer list
INFO 2026-02-20 10:40:43,609 customer_service 164 137232350615232 Fetching details for Customer 11
DEBUG 2026-02-20 10:41:18,660 customer_service 164 137232110868160 Fetching customer list
DEBUG 2026-02-20 10:41:19,291 customer_service 164 137232110868160 Fetching customer list
DEBUG 2026-02-20 10:46:15,883 customer_service 164 137232110868160 Fetching customer list
DEBUG 2026-02-20 10:46:16,011 customer_service 164 137232110868160 Fetching customer list
DEBUG 2026-02-20 10:48:53,560 customer_service 164 137232342222528 Fetching customer list
DEBUG 2026-02-20 10:48:54,477 customer_service 164 137232342222528 Fetching customer list
DEBUG 2026-02-20 10:49:05,043 customer_service 164 137232342222528 Fetching customer list
DEBUG 2026-02-20 10:49:05,669 customer_service 164 137232342222528 Fetching customer list
DEBUG 2026-02-20 10:57:18,515 customer_service 164 137232110868160 Fetching customer list
DEBUG 2026-02-20 10:57:19,988 customer_service 164 137232110868160 Fetching customer list
DEBUG 2026-02-20 11:12:02,165 customer_service 164 137232342222528 Fetching customer list
DEBUG 2026-02-20 12:13:34,571 customer_service 164 137232083592896 Fetching customer list
INFO 2026-02-20 12:14:10,105 customer_service 164 137232075200192 START: Creating new customer 'mahdi'
INFO 2026-02-20 12:14:10,914 customer_service 164 137232075200192 User core (User+Profile+Role) created: ID=18
DEBUG 2026-02-20 12:14:10,917 customer_service 164 137232075200192 Wallet initialized for User 18
INFO 2026-02-20 12:14:10,919 customer_service 164 137232075200192 SUCCESS: Customer 'mahdi' created fully.
DEBUG 2026-02-20 12:14:10,990 customer_service 164 137232350615232 Fetching customer list
DEBUG 2026-02-20 14:07:04,188 customer_service 7 137116281468608 Fetching customer list
DEBUG 2026-02-24 09:50:19,778 customer_service 9 127131392648896 Fetching customer list
DEBUG 2026-02-26 03:02:40,841 customer_service 7 132892972058304 Fetching customer list
INFO 2026-02-26 03:04:12,546 customer_service 7 132892962965184 START: Creating new customer '09885628987'
INFO 2026-02-26 03:04:13,403 customer_service 7 132892962965184 User core (User+Profile+Role) created: ID=23
DEBUG 2026-02-26 03:04:13,406 customer_service 7 132892962965184 Wallet initialized for User 23
DEBUG 2026-02-26 03:04:13,413 customer_service 7 132892962965184 1 addresses created for User 23
INFO 2026-02-26 03:04:13,416 customer_service 7 132892962965184 SUCCESS: Customer '09885628987' created fully.
DEBUG 2026-02-26 03:04:13,487 customer_service 7 132892962965184 Fetching customer list
DEBUG 2026-02-26 03:05:03,625 customer_service 7 132892962965184 Fetching customer list
DEBUG 2026-05-12 11:03:57,410 customer_service 23 137924526118592 Fetching customer list
DEBUG 2026-05-23 07:15:04,760 customer_service 7 137846314915520 Fetching customer list
INFO 2026-06-20 13:55:10,497 customer_service 42 128732316563136 Fetching details for Customer 7
DEBUG 2026-06-21 13:20:12,017 customer_service 7 125887563425472 Fetching customer list
INFO 2026-06-21 13:20:14,691 customer_service 7 125887571818176 Fetching details for Customer 2
DEBUG 2026-06-21 13:20:14,699 customer_service 7 125887563425472 Fetching customer list
DEBUG 2026-06-21 13:20:21,639 customer_service 7 125887571818176 Fetching customer list
INFO 2026-06-21 13:20:21,640 customer_service 7 125887563425472 Fetching details for Customer 2
INFO 2026-06-21 13:20:21,734 customer_service 7 125887555032768 Fetching details for Customer 2
DEBUG 2026-06-21 13:20:21,776 customer_service 7 125887563425472 Fetching customer list
DEBUG 2026-06-21 13:20:26,131 customer_service 7 125887563425472 Fetching customer list
INFO 2026-06-21 13:20:26,142 customer_service 7 125887555032768 Fetching details for Customer 2
INFO 2026-06-21 13:20:26,207 customer_service 7 125887571818176 Fetching details for Customer 2
DEBUG 2026-06-21 13:20:26,267 customer_service 7 125887555032768 Fetching customer list
INFO 2026-06-21 13:20:32,106 customer_service 7 125887555032768 Fetching details for Customer 2
INFO 2026-06-21 13:20:33,803 customer_service 7 125887571818176 Fetching details for Customer 2
DEBUG 2026-08-15 13:38:38,480 customer_service 188 139003292546752 Fetching customer list
