INFO 2025-12-09 09:36:55,188 tasks 10 140438370286464 Processing file: image_FuKkdx0.png (Size: 96231 bytes)
INFO 2025-12-09 09:36:55,199 tasks 10 140438370286464 File 14 processed successfully.
INFO 2025-12-09 09:37:50,325 tasks 10 140438370286464 Processing file: image.png (Size: 96231 bytes)
INFO 2025-12-09 09:37:50,333 tasks 10 140438370286464 File 15 processed successfully.
INFO 2025-12-09 10:21:15,870 tasks 10 140438370286464 Processing file: image_GxNraPT.png (Size: 96231 bytes)
INFO 2025-12-09 10:21:15,894 tasks 10 140438370286464 File 16 processed successfully.
INFO 2025-12-09 10:21:20,763 tasks 10 140438370286464 Processing file: image_b9cDXtV.png (Size: 96231 bytes)
INFO 2025-12-09 10:21:20,768 tasks 10 140438370286464 File 17 processed successfully.
INFO 2025-12-10 12:39:42,398 tasks 11 139988839152512 Processing file: تحلیل_CRM.pdf (Size: 1220581 bytes)
INFO 2025-12-10 12:39:42,427 tasks 11 139988839152512 File 18 processed successfully.
INFO 2025-12-10 12:39:49,588 tasks 11 139988839152512 Processing file: تحلیل_CRM_a5PMbo0.pdf (Size: 1220581 bytes)
INFO 2025-12-10 12:39:49,595 tasks 11 139988839152512 File 19 processed successfully.
INFO 2025-12-10 12:40:00,120 tasks 11 139988839152512 Processing file: تحلیل_CRM_FScGsJ8.pdf (Size: 1220581 bytes)
INFO 2025-12-10 12:40:00,131 tasks 11 139988839152512 File 20 processed successfully.
ERROR 2025-12-14 08:58:40,477 tasks 10 140268051970944 System Error processing file ID 41: column core_orderitemfile.is_accepted does not exist
LINE 1: ...ile"."version", "core_orderitemfile"."is_latest", "core_orde...
                                                             ^
Traceback (most recent call last):
  File "/usr/local/lib/python3.11/site-packages/django/db/backends/utils.py", line 105, in _execute
    return self.cursor.execute(sql, params)
           ^^^^^^^^^^^^^^^^^^^^^^^^^^^^^^^^
psycopg2.errors.UndefinedColumn: column core_orderitemfile.is_accepted does not exist
LINE 1: ...ile"."version", "core_orderitemfile"."is_latest", "core_orde...
                                                             ^


The above exception was the direct cause of the following exception:

Traceback (most recent call last):
  File "/app/src/apps/operations/tasks.py", line 21, in process_uploaded_design_file
    file_obj = repo.get_by_id(file_id)
               ^^^^^^^^^^^^^^^^^^^^^^^
  File "/app/shared_libs/core/utils/base_repository.py", line 21, in get_by_id
    return self.model.objects.get(pk=pk)
           ^^^^^^^^^^^^^^^^^^^^^^^^^^^^^
  File "/usr/local/lib/python3.11/site-packages/django/db/models/manager.py", line 87, in manager_method
    return getattr(self.get_queryset(), name)(*args, **kwargs)
           ^^^^^^^^^^^^^^^^^^^^^^^^^^^^^^^^^^^^^^^^^^^^^^^^^^^
  File "/usr/local/lib/python3.11/site-packages/django/db/models/query.py", line 631, in get
    num = len(clone)
          ^^^^^^^^^^
  File "/usr/local/lib/python3.11/site-packages/django/db/models/query.py", line 368, in __len__
    self._fetch_all()
  File "/usr/local/lib/python3.11/site-packages/django/db/models/query.py", line 1954, in _fetch_all
    self._result_cache = list(self._iterable_class(self))
                         ^^^^^^^^^^^^^^^^^^^^^^^^^^^^^^^^
  File "/usr/local/lib/python3.11/site-packages/django/db/models/query.py", line 93, in __iter__
    results = compiler.execute_sql(
              ^^^^^^^^^^^^^^^^^^^^^
  File "/usr/local/lib/python3.11/site-packages/django/db/models/sql/compiler.py", line 1623, in execute_sql
    cursor.execute(sql, params)
  File "/usr/local/lib/python3.11/site-packages/django/db/backends/utils.py", line 122, in execute
    return super().execute(sql, params)
           ^^^^^^^^^^^^^^^^^^^^^^^^^^^^
  File "/usr/local/lib/python3.11/site-packages/django/db/backends/utils.py", line 79, in execute
    return self._execute_with_wrappers(
           ^^^^^^^^^^^^^^^^^^^^^^^^^^^^
  File "/usr/local/lib/python3.11/site-packages/django/db/backends/utils.py", line 92, in _execute_with_wrappers
    return executor(sql, params, many, context)
           ^^^^^^^^^^^^^^^^^^^^^^^^^^^^^^^^^^^^
  File "/usr/local/lib/python3.11/site-packages/django/db/backends/utils.py", line 100, in _execute
    with self.db.wrap_database_errors:
  File "/usr/local/lib/python3.11/site-packages/django/db/utils.py", line 91, in __exit__
    raise dj_exc_value.with_traceback(traceback) from exc_value
  File "/usr/local/lib/python3.11/site-packages/django/db/backends/utils.py", line 105, in _execute
    return self.cursor.execute(sql, params)
           ^^^^^^^^^^^^^^^^^^^^^^^^^^^^^^^^
django.db.utils.ProgrammingError: column core_orderitemfile.is_accepted does not exist
LINE 1: ...ile"."version", "core_orderitemfile"."is_latest", "core_orde...
                                                             ^

ERROR 2025-12-14 08:58:59,283 tasks 10 140268051970944 System Error processing file ID 42: column core_orderitemfile.is_accepted does not exist
LINE 1: ...ile"."version", "core_orderitemfile"."is_latest", "core_orde...
                                                             ^
Traceback (most recent call last):
  File "/usr/local/lib/python3.11/site-packages/django/db/backends/utils.py", line 105, in _execute
    return self.cursor.execute(sql, params)
           ^^^^^^^^^^^^^^^^^^^^^^^^^^^^^^^^
psycopg2.errors.UndefinedColumn: column core_orderitemfile.is_accepted does not exist
LINE 1: ...ile"."version", "core_orderitemfile"."is_latest", "core_orde...
                                                             ^


The above exception was the direct cause of the following exception:

Traceback (most recent call last):
  File "/app/src/apps/operations/tasks.py", line 21, in process_uploaded_design_file
    file_obj = repo.get_by_id(file_id)
               ^^^^^^^^^^^^^^^^^^^^^^^
  File "/app/shared_libs/core/utils/base_repository.py", line 21, in get_by_id
    return self.model.objects.get(pk=pk)
           ^^^^^^^^^^^^^^^^^^^^^^^^^^^^^
  File "/usr/local/lib/python3.11/site-packages/django/db/models/manager.py", line 87, in manager_method
    return getattr(self.get_queryset(), name)(*args, **kwargs)
           ^^^^^^^^^^^^^^^^^^^^^^^^^^^^^^^^^^^^^^^^^^^^^^^^^^^
  File "/usr/local/lib/python3.11/site-packages/django/db/models/query.py", line 631, in get
    num = len(clone)
          ^^^^^^^^^^
  File "/usr/local/lib/python3.11/site-packages/django/db/models/query.py", line 368, in __len__
    self._fetch_all()
  File "/usr/local/lib/python3.11/site-packages/django/db/models/query.py", line 1954, in _fetch_all
    self._result_cache = list(self._iterable_class(self))
                         ^^^^^^^^^^^^^^^^^^^^^^^^^^^^^^^^
  File "/usr/local/lib/python3.11/site-packages/django/db/models/query.py", line 93, in __iter__
    results = compiler.execute_sql(
              ^^^^^^^^^^^^^^^^^^^^^
  File "/usr/local/lib/python3.11/site-packages/django/db/models/sql/compiler.py", line 1623, in execute_sql
    cursor.execute(sql, params)
  File "/usr/local/lib/python3.11/site-packages/django/db/backends/utils.py", line 122, in execute
    return super().execute(sql, params)
           ^^^^^^^^^^^^^^^^^^^^^^^^^^^^
  File "/usr/local/lib/python3.11/site-packages/django/db/backends/utils.py", line 79, in execute
    return self._execute_with_wrappers(
           ^^^^^^^^^^^^^^^^^^^^^^^^^^^^
  File "/usr/local/lib/python3.11/site-packages/django/db/backends/utils.py", line 92, in _execute_with_wrappers
    return executor(sql, params, many, context)
           ^^^^^^^^^^^^^^^^^^^^^^^^^^^^^^^^^^^^
  File "/usr/local/lib/python3.11/site-packages/django/db/backends/utils.py", line 100, in _execute
    with self.db.wrap_database_errors:
  File "/usr/local/lib/python3.11/site-packages/django/db/utils.py", line 91, in __exit__
    raise dj_exc_value.with_traceback(traceback) from exc_value
  File "/usr/local/lib/python3.11/site-packages/django/db/backends/utils.py", line 105, in _execute
    return self.cursor.execute(sql, params)
           ^^^^^^^^^^^^^^^^^^^^^^^^^^^^^^^^
django.db.utils.ProgrammingError: column core_orderitemfile.is_accepted does not exist
LINE 1: ...ile"."version", "core_orderitemfile"."is_latest", "core_orde...
                                                             ^

ERROR 2025-12-14 08:59:20,144 tasks 10 140268051970944 System Error processing file ID 43: column core_orderitemfile.is_accepted does not exist
LINE 1: ...ile"."version", "core_orderitemfile"."is_latest", "core_orde...
                                                             ^
Traceback (most recent call last):
  File "/usr/local/lib/python3.11/site-packages/django/db/backends/utils.py", line 105, in _execute
    return self.cursor.execute(sql, params)
           ^^^^^^^^^^^^^^^^^^^^^^^^^^^^^^^^
psycopg2.errors.UndefinedColumn: column core_orderitemfile.is_accepted does not exist
LINE 1: ...ile"."version", "core_orderitemfile"."is_latest", "core_orde...
                                                             ^


The above exception was the direct cause of the following exception:

Traceback (most recent call last):
  File "/app/src/apps/operations/tasks.py", line 21, in process_uploaded_design_file
    file_obj = repo.get_by_id(file_id)
               ^^^^^^^^^^^^^^^^^^^^^^^
  File "/app/shared_libs/core/utils/base_repository.py", line 21, in get_by_id
    return self.model.objects.get(pk=pk)
           ^^^^^^^^^^^^^^^^^^^^^^^^^^^^^
  File "/usr/local/lib/python3.11/site-packages/django/db/models/manager.py", line 87, in manager_method
    return getattr(self.get_queryset(), name)(*args, **kwargs)
           ^^^^^^^^^^^^^^^^^^^^^^^^^^^^^^^^^^^^^^^^^^^^^^^^^^^
  File "/usr/local/lib/python3.11/site-packages/django/db/models/query.py", line 631, in get
    num = len(clone)
          ^^^^^^^^^^
  File "/usr/local/lib/python3.11/site-packages/django/db/models/query.py", line 368, in __len__
    self._fetch_all()
  File "/usr/local/lib/python3.11/site-packages/django/db/models/query.py", line 1954, in _fetch_all
    self._result_cache = list(self._iterable_class(self))
                         ^^^^^^^^^^^^^^^^^^^^^^^^^^^^^^^^
  File "/usr/local/lib/python3.11/site-packages/django/db/models/query.py", line 93, in __iter__
    results = compiler.execute_sql(
              ^^^^^^^^^^^^^^^^^^^^^
  File "/usr/local/lib/python3.11/site-packages/django/db/models/sql/compiler.py", line 1623, in execute_sql
    cursor.execute(sql, params)
  File "/usr/local/lib/python3.11/site-packages/django/db/backends/utils.py", line 122, in execute
    return super().execute(sql, params)
           ^^^^^^^^^^^^^^^^^^^^^^^^^^^^
  File "/usr/local/lib/python3.11/site-packages/django/db/backends/utils.py", line 79, in execute
    return self._execute_with_wrappers(
           ^^^^^^^^^^^^^^^^^^^^^^^^^^^^
  File "/usr/local/lib/python3.11/site-packages/django/db/backends/utils.py", line 92, in _execute_with_wrappers
    return executor(sql, params, many, context)
           ^^^^^^^^^^^^^^^^^^^^^^^^^^^^^^^^^^^^
  File "/usr/local/lib/python3.11/site-packages/django/db/backends/utils.py", line 100, in _execute
    with self.db.wrap_database_errors:
  File "/usr/local/lib/python3.11/site-packages/django/db/utils.py", line 91, in __exit__
    raise dj_exc_value.with_traceback(traceback) from exc_value
  File "/usr/local/lib/python3.11/site-packages/django/db/backends/utils.py", line 105, in _execute
    return self.cursor.execute(sql, params)
           ^^^^^^^^^^^^^^^^^^^^^^^^^^^^^^^^
django.db.utils.ProgrammingError: column core_orderitemfile.is_accepted does not exist
LINE 1: ...ile"."version", "core_orderitemfile"."is_latest", "core_orde...
                                                             ^

ERROR 2025-12-14 08:59:22,528 tasks 10 140268051970944 System Error processing file ID 44: column core_orderitemfile.is_accepted does not exist
LINE 1: ...ile"."version", "core_orderitemfile"."is_latest", "core_orde...
                                                             ^
Traceback (most recent call last):
  File "/usr/local/lib/python3.11/site-packages/django/db/backends/utils.py", line 105, in _execute
    return self.cursor.execute(sql, params)
           ^^^^^^^^^^^^^^^^^^^^^^^^^^^^^^^^
psycopg2.errors.UndefinedColumn: column core_orderitemfile.is_accepted does not exist
LINE 1: ...ile"."version", "core_orderitemfile"."is_latest", "core_orde...
                                                             ^


The above exception was the direct cause of the following exception:

Traceback (most recent call last):
  File "/app/src/apps/operations/tasks.py", line 21, in process_uploaded_design_file
    file_obj = repo.get_by_id(file_id)
               ^^^^^^^^^^^^^^^^^^^^^^^
  File "/app/shared_libs/core/utils/base_repository.py", line 21, in get_by_id
    return self.model.objects.get(pk=pk)
           ^^^^^^^^^^^^^^^^^^^^^^^^^^^^^
  File "/usr/local/lib/python3.11/site-packages/django/db/models/manager.py", line 87, in manager_method
    return getattr(self.get_queryset(), name)(*args, **kwargs)
           ^^^^^^^^^^^^^^^^^^^^^^^^^^^^^^^^^^^^^^^^^^^^^^^^^^^
  File "/usr/local/lib/python3.11/site-packages/django/db/models/query.py", line 631, in get
    num = len(clone)
          ^^^^^^^^^^
  File "/usr/local/lib/python3.11/site-packages/django/db/models/query.py", line 368, in __len__
    self._fetch_all()
  File "/usr/local/lib/python3.11/site-packages/django/db/models/query.py", line 1954, in _fetch_all
    self._result_cache = list(self._iterable_class(self))
                         ^^^^^^^^^^^^^^^^^^^^^^^^^^^^^^^^
  File "/usr/local/lib/python3.11/site-packages/django/db/models/query.py", line 93, in __iter__
    results = compiler.execute_sql(
              ^^^^^^^^^^^^^^^^^^^^^
  File "/usr/local/lib/python3.11/site-packages/django/db/models/sql/compiler.py", line 1623, in execute_sql
    cursor.execute(sql, params)
  File "/usr/local/lib/python3.11/site-packages/django/db/backends/utils.py", line 122, in execute
    return super().execute(sql, params)
           ^^^^^^^^^^^^^^^^^^^^^^^^^^^^
  File "/usr/local/lib/python3.11/site-packages/django/db/backends/utils.py", line 79, in execute
    return self._execute_with_wrappers(
           ^^^^^^^^^^^^^^^^^^^^^^^^^^^^
  File "/usr/local/lib/python3.11/site-packages/django/db/backends/utils.py", line 92, in _execute_with_wrappers
    return executor(sql, params, many, context)
           ^^^^^^^^^^^^^^^^^^^^^^^^^^^^^^^^^^^^
  File "/usr/local/lib/python3.11/site-packages/django/db/backends/utils.py", line 100, in _execute
    with self.db.wrap_database_errors:
  File "/usr/local/lib/python3.11/site-packages/django/db/utils.py", line 91, in __exit__
    raise dj_exc_value.with_traceback(traceback) from exc_value
  File "/usr/local/lib/python3.11/site-packages/django/db/backends/utils.py", line 105, in _execute
    return self.cursor.execute(sql, params)
           ^^^^^^^^^^^^^^^^^^^^^^^^^^^^^^^^
django.db.utils.ProgrammingError: column core_orderitemfile.is_accepted does not exist
LINE 1: ...ile"."version", "core_orderitemfile"."is_latest", "core_orde...
                                                             ^

ERROR 2025-12-14 09:00:20,329 tasks 10 140268051970944 System Error processing file ID 45: column core_orderitemfile.is_accepted does not exist
LINE 1: ...ile"."version", "core_orderitemfile"."is_latest", "core_orde...
                                                             ^
Traceback (most recent call last):
  File "/usr/local/lib/python3.11/site-packages/django/db/backends/utils.py", line 105, in _execute
    return self.cursor.execute(sql, params)
           ^^^^^^^^^^^^^^^^^^^^^^^^^^^^^^^^
psycopg2.errors.UndefinedColumn: column core_orderitemfile.is_accepted does not exist
LINE 1: ...ile"."version", "core_orderitemfile"."is_latest", "core_orde...
                                                             ^


The above exception was the direct cause of the following exception:

Traceback (most recent call last):
  File "/app/src/apps/operations/tasks.py", line 21, in process_uploaded_design_file
    file_obj = repo.get_by_id(file_id)
               ^^^^^^^^^^^^^^^^^^^^^^^
  File "/app/shared_libs/core/utils/base_repository.py", line 21, in get_by_id
    return self.model.objects.get(pk=pk)
           ^^^^^^^^^^^^^^^^^^^^^^^^^^^^^
  File "/usr/local/lib/python3.11/site-packages/django/db/models/manager.py", line 87, in manager_method
    return getattr(self.get_queryset(), name)(*args, **kwargs)
           ^^^^^^^^^^^^^^^^^^^^^^^^^^^^^^^^^^^^^^^^^^^^^^^^^^^
  File "/usr/local/lib/python3.11/site-packages/django/db/models/query.py", line 631, in get
    num = len(clone)
          ^^^^^^^^^^
  File "/usr/local/lib/python3.11/site-packages/django/db/models/query.py", line 368, in __len__
    self._fetch_all()
  File "/usr/local/lib/python3.11/site-packages/django/db/models/query.py", line 1954, in _fetch_all
    self._result_cache = list(self._iterable_class(self))
                         ^^^^^^^^^^^^^^^^^^^^^^^^^^^^^^^^
  File "/usr/local/lib/python3.11/site-packages/django/db/models/query.py", line 93, in __iter__
    results = compiler.execute_sql(
              ^^^^^^^^^^^^^^^^^^^^^
  File "/usr/local/lib/python3.11/site-packages/django/db/models/sql/compiler.py", line 1623, in execute_sql
    cursor.execute(sql, params)
  File "/usr/local/lib/python3.11/site-packages/django/db/backends/utils.py", line 122, in execute
    return super().execute(sql, params)
           ^^^^^^^^^^^^^^^^^^^^^^^^^^^^
  File "/usr/local/lib/python3.11/site-packages/django/db/backends/utils.py", line 79, in execute
    return self._execute_with_wrappers(
           ^^^^^^^^^^^^^^^^^^^^^^^^^^^^
  File "/usr/local/lib/python3.11/site-packages/django/db/backends/utils.py", line 92, in _execute_with_wrappers
    return executor(sql, params, many, context)
           ^^^^^^^^^^^^^^^^^^^^^^^^^^^^^^^^^^^^
  File "/usr/local/lib/python3.11/site-packages/django/db/backends/utils.py", line 100, in _execute
    with self.db.wrap_database_errors:
  File "/usr/local/lib/python3.11/site-packages/django/db/utils.py", line 91, in __exit__
    raise dj_exc_value.with_traceback(traceback) from exc_value
  File "/usr/local/lib/python3.11/site-packages/django/db/backends/utils.py", line 105, in _execute
    return self.cursor.execute(sql, params)
           ^^^^^^^^^^^^^^^^^^^^^^^^^^^^^^^^
django.db.utils.ProgrammingError: column core_orderitemfile.is_accepted does not exist
LINE 1: ...ile"."version", "core_orderitemfile"."is_latest", "core_orde...
                                                             ^

