INFO 2025-12-13 15:54:28,637 cart_item_service 1093 139999802541760 Fetching cart list for User ID: 1
DEBUG 2025-12-13 15:54:28,640 cart_item_service 1093 139999802541760 Cart retrieved/created for User ID: 1, Cart ID: 1
ERROR 2025-12-13 15:54:28,653 cart_item_service 1093 139999802541760 Error fetching cart list for User ID: 1
Traceback (most recent call last):
  File "/app/src/apps/cart/services/cart_item_service.py", line 45, in get_user_cart_items
    logger_list.info(f"Retrieved {items.count()} items for Cart ID: {cart.id}")
                                  ^^^^^^^^^^^^^
TypeError: list.count() takes exactly one argument (0 given)
INFO 2025-12-13 15:55:43,435 cart_item_service 1164 140314702509760 Fetching cart list for User ID: 1
DEBUG 2025-12-13 15:55:43,438 cart_item_service 1164 140314702509760 Cart retrieved/created for User ID: 1, Cart ID: 1
INFO 2025-12-13 15:55:43,449 cart_item_service 1164 140314702509760 Retrieved [<CartItem: کارت ویزیت لاکچری - کد 8464 (x5000)>, <CartItem: کارت ویزیت لاکچری - کد 3914 (x2000)>, <CartItem: تراکت تبلیغاتی - کد 6158 (x2000)>, <CartItem: کارت ویزیت لاکچری - کد 8649 (x10000)>, <CartItem: استیکر شیشه‌ای - کد 7542 (x5000)>, <CartItem: تراکت تبلیغاتی - کد 4202 (x10000)>, <CartItem: استیکر شیشه‌ای - کد 9068 (x5000)>, <CartItem: سربرگ اداری - کد 7813 (x2000)>, <CartItem: تراکت تبلیغاتی - کد 7848 (x2000)>, <CartItem: کارت ویزیت لاکچری - کد 1566 (x1000)>] items for Cart ID: 1
ERROR 2025-12-13 15:55:43,451 cart_item_service 1164 140314702509760 Error fetching cart list for User ID: 1
Traceback (most recent call last):
  File "/app/src/apps/cart/services/cart_item_service.py", line 55, in get_user_cart_items
    "item_count": items.count()
                  ^^^^^^^^^^^^^
TypeError: list.count() takes exactly one argument (0 given)
INFO 2025-12-13 15:56:13,675 cart_item_service 1167 139675972048576 Fetching cart list for User ID: 1
DEBUG 2025-12-13 15:56:13,679 cart_item_service 1167 139675972048576 Cart retrieved/created for User ID: 1, Cart ID: 1
INFO 2025-12-13 15:56:13,689 cart_item_service 1167 139675972048576 Retrieved [<CartItem: کارت ویزیت لاکچری - کد 8464 (x5000)>, <CartItem: کارت ویزیت لاکچری - کد 3914 (x2000)>, <CartItem: تراکت تبلیغاتی - کد 6158 (x2000)>, <CartItem: کارت ویزیت لاکچری - کد 8649 (x10000)>, <CartItem: استیکر شیشه‌ای - کد 7542 (x5000)>, <CartItem: تراکت تبلیغاتی - کد 4202 (x10000)>, <CartItem: استیکر شیشه‌ای - کد 9068 (x5000)>, <CartItem: سربرگ اداری - کد 7813 (x2000)>, <CartItem: تراکت تبلیغاتی - کد 7848 (x2000)>, <CartItem: کارت ویزیت لاکچری - کد 1566 (x1000)>] items for Cart ID: 1
ERROR 2025-12-13 15:56:13,690 cart_item_service 1167 139675972048576 Error fetching cart list for User ID: 1
Traceback (most recent call last):
  File "/app/src/apps/cart/services/cart_item_service.py", line 55, in get_user_cart_items
    "item_count": items.count()
                  ^^^^^^^^^^^^^
TypeError: list.count() takes exactly one argument (0 given)
INFO 2025-12-13 15:57:36,906 cart_item_service 1174 140156278576832 Fetching cart list for User ID: 1
DEBUG 2025-12-13 15:57:36,910 cart_item_service 1174 140156278576832 Cart retrieved/created for User ID: 1, Cart ID: 1
INFO 2025-12-13 15:57:36,923 cart_item_service 1174 140156278576832 Retrieved [<CartItem: کارت ویزیت لاکچری - کد 8464 (x5000)>, <CartItem: کارت ویزیت لاکچری - کد 3914 (x2000)>, <CartItem: تراکت تبلیغاتی - کد 6158 (x2000)>, <CartItem: کارت ویزیت لاکچری - کد 8649 (x10000)>, <CartItem: استیکر شیشه‌ای - کد 7542 (x5000)>, <CartItem: تراکت تبلیغاتی - کد 4202 (x10000)>, <CartItem: استیکر شیشه‌ای - کد 9068 (x5000)>, <CartItem: سربرگ اداری - کد 7813 (x2000)>, <CartItem: تراکت تبلیغاتی - کد 7848 (x2000)>, <CartItem: کارت ویزیت لاکچری - کد 1566 (x1000)>] items for Cart ID: 1
INFO 2025-12-27 07:21:25,399 cart_item_service 80 140340605482688 Fetching cart list for User ID: 1
DEBUG 2025-12-27 07:21:25,403 cart_item_service 80 140340605482688 Cart retrieved/created for User ID: 1, Cart ID: 2
INFO 2025-12-27 07:21:25,409 cart_item_service 80 140340605482688 Retrieved <CartItemQuerySet [<CartItem: پاکت نامه ملخی - نمونه 273 (x1)>]> items for Cart ID: 2
INFO 2025-12-27 07:25:11,420 cart_item_service 86 139733483296448 Fetching cart list for User ID: 1
DEBUG 2025-12-27 07:25:11,423 cart_item_service 86 139733483296448 Cart retrieved/created for User ID: 1, Cart ID: 2
INFO 2025-12-27 07:25:11,430 cart_item_service 86 139733483296448 Retrieved <CartItemQuerySet [<CartItem: پاکت نامه ملخی - نمونه 273 (x1)>]> items for Cart ID: 2
INFO 2025-12-27 07:25:37,443 cart_item_service 89 140523922953920 Fetching cart list for User ID: 1
DEBUG 2025-12-27 07:25:37,446 cart_item_service 89 140523922953920 Cart retrieved/created for User ID: 1, Cart ID: 2
INFO 2025-12-27 07:25:37,457 cart_item_service 89 140523922953920 Retrieved <CartItemQuerySet [<CartItem: پاکت نامه ملخی - نمونه 273 (x1)>]> items for Cart ID: 2
INFO 2025-12-27 07:26:22,956 cart_item_service 92 139651237189312 Fetching cart list for User ID: 1
DEBUG 2025-12-27 07:26:22,960 cart_item_service 92 139651237189312 Cart retrieved/created for User ID: 1, Cart ID: 2
INFO 2025-12-27 07:26:22,967 cart_item_service 92 139651237189312 Retrieved <CartItemQuerySet [<CartItem: پاکت نامه ملخی - نمونه 273 (x1)>]> items for Cart ID: 2
INFO 2025-12-27 07:26:24,462 cart_item_service 92 139651237189312 Fetching cart list for User ID: 1
DEBUG 2025-12-27 07:26:24,465 cart_item_service 92 139651237189312 Cart retrieved/created for User ID: 1, Cart ID: 2
INFO 2025-12-27 07:26:24,471 cart_item_service 92 139651237189312 Retrieved <CartItemQuerySet [<CartItem: پاکت نامه ملخی - نمونه 273 (x1)>]> items for Cart ID: 2
INFO 2025-12-27 07:26:38,465 cart_item_service 92 139651237189312 Fetching cart list for User ID: 1
DEBUG 2025-12-27 07:26:38,467 cart_item_service 92 139651237189312 Cart retrieved/created for User ID: 1, Cart ID: 2
INFO 2025-12-27 07:26:38,474 cart_item_service 92 139651237189312 Retrieved <CartItemQuerySet [<CartItem: پاکت نامه ملخی - نمونه 273 (x1)>]> items for Cart ID: 2
INFO 2025-12-27 07:27:05,322 cart_item_service 95 140518310803136 Fetching cart list for User ID: 1
DEBUG 2025-12-27 07:27:05,325 cart_item_service 95 140518310803136 Cart retrieved/created for User ID: 1, Cart ID: 2
INFO 2025-12-27 07:27:05,334 cart_item_service 95 140518310803136 Retrieved <CartItemQuerySet [<CartItem: پاکت نامه ملخی - نمونه 273 (x1)>]> items for Cart ID: 2
INFO 2025-12-27 07:27:41,383 cart_item_service 95 140518310803136 Fetching cart list for User ID: 1
DEBUG 2025-12-27 07:27:41,386 cart_item_service 95 140518310803136 Cart retrieved/created for User ID: 1, Cart ID: 2
INFO 2025-12-27 07:27:41,393 cart_item_service 95 140518310803136 Retrieved <CartItemQuerySet [<CartItem: پاکت نامه ملخی - نمونه 273 (x1)>]> items for Cart ID: 2
INFO 2025-12-27 07:29:12,302 cart_item_service 158 139705578591936 Fetching cart list for User ID: 1
DEBUG 2025-12-27 07:29:12,304 cart_item_service 158 139705578591936 Cart retrieved/created for User ID: 1, Cart ID: 2
INFO 2025-12-27 07:29:12,310 cart_item_service 158 139705578591936 Retrieved <CartItemQuerySet [<CartItem: پاکت نامه ملخی - نمونه 273 (x1)>]> items for Cart ID: 2
INFO 2025-12-27 07:30:47,045 cart_item_service 163 140557745821376 Fetching cart list for User ID: 1
DEBUG 2025-12-27 07:30:47,048 cart_item_service 163 140557745821376 Cart retrieved/created for User ID: 1, Cart ID: 2
INFO 2025-12-27 07:30:47,054 cart_item_service 163 140557745821376 Retrieved <CartItemQuerySet [<CartItem: پاکت نامه ملخی - نمونه 273 (x1)>]> items for Cart ID: 2
INFO 2025-12-27 07:31:02,547 cart_item_service 166 140226711426752 Fetching cart list for User ID: 1
DEBUG 2025-12-27 07:31:02,550 cart_item_service 166 140226711426752 Cart retrieved/created for User ID: 1, Cart ID: 2
INFO 2025-12-27 07:31:02,556 cart_item_service 166 140226711426752 Retrieved <CartItemQuerySet [<CartItem: پاکت نامه ملخی - نمونه 273 (x1)>]> items for Cart ID: 2
INFO 2025-12-27 07:34:03,388 cart_item_service 169 139956084446912 Fetching cart list for User ID: 1
DEBUG 2025-12-27 07:34:03,391 cart_item_service 169 139956084446912 Cart retrieved/created for User ID: 1, Cart ID: 2
INFO 2025-12-27 07:34:03,398 cart_item_service 169 139956084446912 Retrieved <CartItemQuerySet [<CartItem: پاکت نامه ملخی - نمونه 273 (x1)>]> items for Cart ID: 2
INFO 2025-12-27 07:34:53,829 cart_item_service 172 140695880857280 Fetching cart list for User ID: 1
DEBUG 2025-12-27 07:34:53,832 cart_item_service 172 140695880857280 Cart retrieved/created for User ID: 1, Cart ID: 2
INFO 2025-12-27 07:34:53,837 cart_item_service 172 140695880857280 Retrieved <CartItemQuerySet [<CartItem: پاکت نامه ملخی - نمونه 273 (x1)>]> items for Cart ID: 2
INFO 2025-12-27 07:35:22,673 cart_item_service 235 139998339962560 Fetching cart list for User ID: 1
DEBUG 2025-12-27 07:35:22,676 cart_item_service 235 139998339962560 Cart retrieved/created for User ID: 1, Cart ID: 2
INFO 2025-12-27 07:35:22,683 cart_item_service 235 139998339962560 Retrieved <CartItemQuerySet [<CartItem: پاکت نامه ملخی - نمونه 273 (x1)>]> items for Cart ID: 2
INFO 2026-02-09 11:47:44,005 cart_item_service 7 140651387680448 Fetching cart list for User:1
INFO 2026-02-09 11:47:45,013 cart_item_service 7 140651387680448 Fetching cart list for User:1
INFO 2026-02-10 14:04:39,432 cart_item_service 352 126708806219456 Fetching cart list for User:1
INFO 2026-02-10 14:07:18,098 cart_item_service 352 126708806219456 Fetching cart list for User:1
INFO 2026-02-10 14:07:30,730 cart_item_service 352 126708797826752 Fetching cart list for User:1
INFO 2026-02-10 14:07:37,403 cart_item_service 352 126708797826752 Fetching cart list for User:1
INFO 2026-02-10 14:08:05,018 cart_item_service 352 126708446394048 Fetching cart list for User:1
INFO 2026-02-10 14:09:22,839 cart_item_service 352 126708827199168 Fetching cart list for User:1
INFO 2026-02-10 14:10:38,696 cart_item_service 352 126708827199168 Fetching cart list for User:1
INFO 2026-02-10 14:41:41,752 cart_item_service 352 126708446394048 Fetching cart list for User:1
INFO 2026-02-10 14:41:42,911 cart_item_service 352 126708446394048 Fetching cart list for User:1
INFO 2026-02-10 14:42:21,047 cart_item_service 484 137922325157568 Fetching cart list for User:1
INFO 2026-02-10 14:47:08,119 cart_item_service 484 137922325157568 Fetching cart list for User:1
INFO 2026-02-10 14:47:08,252 cart_item_service 484 137922325157568 Fetching cart list for User:1
INFO 2026-02-10 14:48:24,186 cart_item_service 484 137922307323584 Fetching cart list for User:1
INFO 2026-02-10 14:48:24,390 cart_item_service 484 137922307323584 Fetching cart list for User:1
INFO 2026-02-10 14:49:12,583 cart_item_service 484 137922307323584 Fetching cart list for User:1
INFO 2026-02-10 14:49:12,654 cart_item_service 484 137922307323584 Fetching cart list for User:1
INFO 2026-02-10 15:36:18,291 cart_item_service 484 137922298930880 Fetching cart list for User:1
INFO 2026-02-10 15:36:18,540 cart_item_service 484 137922298930880 Fetching cart list for User:1
INFO 2026-02-10 15:43:26,818 cart_item_service 484 137922290538176 Fetching cart list for User:1
INFO 2026-02-10 15:43:26,977 cart_item_service 484 137922290538176 Fetching cart list for User:1
INFO 2026-02-10 15:43:49,658 cart_item_service 484 137922290538176 Fetching cart list for User:1
INFO 2026-02-10 15:43:49,847 cart_item_service 484 137922290538176 Fetching cart list for User:1
INFO 2026-02-10 15:43:56,327 cart_item_service 484 137922298930880 Fetching cart list for User:1
INFO 2026-02-10 15:43:56,448 cart_item_service 484 137922298930880 Fetching cart list for User:1
INFO 2026-02-10 15:44:33,977 cart_item_service 484 137922290538176 Fetching cart list for User:1
INFO 2026-02-10 15:44:34,054 cart_item_service 484 137922290538176 Fetching cart list for User:1
INFO 2026-02-10 15:44:41,480 cart_item_service 484 137922290538176 Fetching cart list for User:1
INFO 2026-02-10 15:44:41,583 cart_item_service 484 137922290538176 Fetching cart list for User:1
INFO 2026-02-10 15:47:27,282 cart_item_service 484 137922290538176 Fetching cart list for User:1
INFO 2026-02-10 15:47:27,354 cart_item_service 484 137922290538176 Fetching cart list for User:1
INFO 2026-02-10 15:47:30,855 cart_item_service 484 137922290538176 Fetching cart list for User:1
INFO 2026-02-10 15:47:30,983 cart_item_service 484 137922290538176 Fetching cart list for User:1
INFO 2026-02-10 15:47:51,563 cart_item_service 484 137922290538176 Fetching cart list for User:1
INFO 2026-02-10 15:47:51,626 cart_item_service 484 137922290538176 Fetching cart list for User:1
INFO 2026-02-10 15:50:06,491 cart_item_service 484 137922298930880 Fetching cart list for User:1
INFO 2026-02-10 15:50:06,660 cart_item_service 484 137922298930880 Fetching cart list for User:1
INFO 2026-02-10 15:51:22,418 cart_item_service 484 137922325157568 Fetching cart list for User:1
INFO 2026-02-10 15:51:22,572 cart_item_service 484 137922325157568 Fetching cart list for User:1
INFO 2026-02-10 15:52:35,656 cart_item_service 484 137922282145472 Fetching cart list for User:1
INFO 2026-02-10 15:52:35,807 cart_item_service 484 137922282145472 Fetching cart list for User:1
INFO 2026-02-10 15:52:37,322 cart_item_service 484 137921935963840 Fetching cart list for User:1
INFO 2026-02-10 15:52:37,451 cart_item_service 484 137921935963840 Fetching cart list for User:1
INFO 2026-02-10 15:55:36,705 cart_item_service 484 137922290538176 Fetching cart list for User:1
INFO 2026-02-10 15:55:36,871 cart_item_service 484 137922290538176 Fetching cart list for User:1
INFO 2026-02-10 15:55:53,587 cart_item_service 484 137922307327680 Fetching cart list for User:1
INFO 2026-02-10 15:55:53,741 cart_item_service 484 137922307327680 Fetching cart list for User:1
INFO 2026-02-10 15:57:41,036 cart_item_service 594 128553044842176 Fetching cart list for User:1
INFO 2026-02-10 16:01:04,407 cart_item_service 594 128553035400896 Fetching cart list for User:1
INFO 2026-02-10 16:01:04,484 cart_item_service 594 128553035400896 Fetching cart list for User:1
INFO 2026-02-10 16:01:32,794 cart_item_service 594 128553035400896 Fetching cart list for User:1
INFO 2026-02-10 16:01:32,897 cart_item_service 594 128553035400896 Fetching cart list for User:1
INFO 2026-02-10 16:01:41,288 cart_item_service 594 128553035400896 Fetching cart list for User:1
INFO 2026-02-10 16:07:00,730 cart_item_service 594 128553044842176 Fetching cart list for User:1
INFO 2026-02-10 16:07:00,850 cart_item_service 594 128553044842176 Fetching cart list for User:1
INFO 2026-02-10 16:29:22,010 cart_item_service 633 140347585853120 Fetching cart list for User:1
INFO 2026-02-10 16:29:30,864 cart_item_service 633 140347585853120 Fetching cart list for User:1
INFO 2026-02-10 16:29:41,011 cart_item_service 633 140347585853120 Fetching cart list for User:1
INFO 2026-02-10 16:31:28,741 cart_item_service 633 140347558577856 Fetching cart list for User:1
INFO 2026-02-10 16:31:28,840 cart_item_service 633 140347558577856 Fetching cart list for User:1
INFO 2026-02-19 08:23:38,054 cart_item_service 189 139509504313024 Fetching cart list for User:1
INFO 2026-02-19 08:23:38,188 cart_item_service 189 139509504313024 Fetching cart list for User:1
INFO 2026-02-19 14:47:52,734 cart_item_service 805 129516429268672 Fetching cart list for User:1
INFO 2026-02-19 15:01:28,535 cart_item_service 805 129516437661376 Fetching cart list for User:1
INFO 2026-02-19 15:01:28,753 cart_item_service 805 129516437661376 Fetching cart list for User:1
INFO 2026-02-19 15:02:24,674 cart_item_service 805 129516429268672 Fetching cart list for User:1
INFO 2026-02-19 15:02:24,896 cart_item_service 805 129516429268672 Fetching cart list for User:1
INFO 2026-02-19 15:03:08,092 cart_item_service 805 129516429268672 Fetching cart list for User:1
INFO 2026-02-19 15:03:08,207 cart_item_service 805 129516429268672 Fetching cart list for User:1
INFO 2026-02-19 15:03:25,948 cart_item_service 805 129516072593088 Fetching cart list for User:1
INFO 2026-02-19 15:03:26,169 cart_item_service 805 129516072593088 Fetching cart list for User:1
INFO 2026-02-19 15:04:19,228 cart_item_service 805 129516429268672 Fetching cart list for User:1
INFO 2026-02-19 15:04:19,389 cart_item_service 805 129516429268672 Fetching cart list for User:1
INFO 2026-02-19 15:08:41,689 cart_item_service 805 129516437661376 Fetching cart list for User:1
INFO 2026-02-19 15:08:41,835 cart_item_service 805 129516437661376 Fetching cart list for User:1
INFO 2026-02-19 15:11:03,488 cart_item_service 862 128185830381248 Fetching cart list for User:1
INFO 2026-02-19 15:18:56,478 cart_item_service 862 128185830381248 Fetching cart list for User:1
INFO 2026-02-19 15:18:56,593 cart_item_service 862 128185830381248 Fetching cart list for User:1
INFO 2026-02-19 15:19:50,684 cart_item_service 862 128185830381248 Fetching cart list for User:1
INFO 2026-02-19 15:19:50,688 cart_item_service 862 128185803105984 Fetching cart list for User:1
INFO 2026-02-19 15:19:51,011 cart_item_service 862 128185811498688 Fetching cart list for User:1
INFO 2026-02-19 15:24:26,548 cart_item_service 862 128185446430400 Fetching cart list for User:1
INFO 2026-02-19 15:24:26,565 cart_item_service 862 128185819891392 Fetching cart list for User:1
INFO 2026-02-19 15:24:28,144 cart_item_service 862 128185819891392 Fetching cart list for User:1
INFO 2026-02-19 15:27:50,927 cart_item_service 862 128185830381248 Fetching cart list for User:1
INFO 2026-02-19 15:27:50,978 cart_item_service 862 128185794713280 Fetching cart list for User:1
INFO 2026-02-19 15:27:52,658 cart_item_service 862 128185794713280 Fetching cart list for User:1
INFO 2026-02-19 15:36:37,007 cart_item_service 862 128185811498688 Fetching cart list for User:1
INFO 2026-02-19 15:36:37,230 cart_item_service 862 128185811498688 Fetching cart list for User:1
INFO 2026-02-19 15:36:37,362 cart_item_service 862 128185811498688 Fetching cart list for User:1
INFO 2026-02-19 16:43:49,244 cart_item_service 914 127647855318720 Fetching cart list for User:1
INFO 2026-02-19 16:43:49,538 cart_item_service 914 127647855318720 Fetching cart list for User:1
INFO 2026-02-19 16:43:49,676 cart_item_service 914 127647855318720 Fetching cart list for User:1
INFO 2026-02-19 18:00:53,633 cart_item_service 949 133658576942784 Fetching cart list for User:1
INFO 2026-02-19 18:00:53,778 cart_item_service 949 133658576942784 Fetching cart list for User:1
INFO 2026-02-19 18:01:06,065 cart_item_service 949 133658560157376 Fetching cart list for User:1
INFO 2026-02-19 18:01:27,212 cart_item_service 949 133658576942784 Fetching cart list for User:1
INFO 2026-02-19 18:01:30,772 cart_item_service 949 133658576942784 Fetching cart list for User:1
INFO 2026-02-19 18:02:09,279 cart_item_service 949 133658811995840 Fetching cart list for User:1
INFO 2026-02-19 18:02:10,888 cart_item_service 949 133658534979264 Fetching cart list for User:1
INFO 2026-02-19 18:02:10,890 cart_item_service 949 133658811995840 Fetching cart list for User:1
INFO 2026-02-19 18:04:55,620 cart_item_service 949 133658576942784 Fetching cart list for User:1
INFO 2026-02-19 18:05:38,029 cart_item_service 949 133658803603136 Fetching cart list for User:1
INFO 2026-02-19 18:06:45,434 cart_item_service 949 133658803603136 Fetching cart list for User:1
INFO 2026-02-19 18:08:24,792 cart_item_service 949 133658534979264 Fetching cart list for User:1
INFO 2026-02-19 18:08:49,558 cart_item_service 949 133658551764672 Fetching cart list for User:1
INFO 2026-02-19 18:08:50,368 cart_item_service 949 133658568550080 Fetching cart list for User:1
INFO 2026-02-19 18:09:05,534 cart_item_service 949 133658551764672 Fetching cart list for User:1
INFO 2026-02-19 18:09:06,124 cart_item_service 949 133658576942784 Fetching cart list for User:1
INFO 2026-02-19 18:09:22,789 cart_item_service 949 133658568550080 Fetching cart list for User:1
INFO 2026-02-19 18:10:45,511 cart_item_service 949 133658551764672 Fetching cart list for User:1
INFO 2026-02-19 18:10:46,166 cart_item_service 949 133658551764672 Fetching cart list for User:1
INFO 2026-02-19 18:10:58,720 cart_item_service 949 133658551764672 Fetching cart list for User:1
INFO 2026-02-20 09:52:50,912 cart_item_service 7 140253917583040 Fetching cart list for User:1
INFO 2026-02-20 09:52:55,732 cart_item_service 7 140253948008128 Fetching cart list for User:1
INFO 2026-02-20 09:58:20,825 cart_item_service 7 140253956400832 Fetching cart list for User:1
INFO 2026-02-20 09:58:25,797 cart_item_service 7 140253968987840 Fetching cart list for User:1
INFO 2026-02-20 09:58:32,258 cart_item_service 7 140253948008128 Fetching cart list for User:1
INFO 2026-02-20 09:58:34,116 cart_item_service 7 140253948008128 Fetching cart list for User:1
INFO 2026-02-20 09:58:48,248 cart_item_service 7 140253956400832 Fetching cart list for User:1
INFO 2026-02-20 09:58:50,498 cart_item_service 7 140253566334656 Fetching cart list for User:1
INFO 2026-02-20 09:59:11,188 cart_item_service 7 140253956400832 Fetching cart list for User:1
INFO 2026-02-20 09:59:22,338 cart_item_service 7 140253968987840 Fetching cart list for User:1
INFO 2026-02-20 10:03:04,660 cart_item_service 7 140253935417024 Fetching cart list for User:1
INFO 2026-02-20 10:03:28,678 cart_item_service 7 140253956400832 Fetching cart list for User:1
INFO 2026-02-20 10:03:31,917 cart_item_service 7 140253935417024 Fetching cart list for User:1
INFO 2026-02-20 10:03:34,618 cart_item_service 7 140253927024320 Fetching cart list for User:1
INFO 2026-02-20 10:03:54,645 cart_item_service 7 140253935417024 Fetching cart list for User:1
INFO 2026-02-20 10:06:10,025 cart_item_service 7 140253927024320 Fetching cart list for User:1
INFO 2026-02-20 10:06:12,184 cart_item_service 7 140253557941952 Fetching cart list for User:1
INFO 2026-02-20 10:06:44,478 cart_item_service 7 140253935417024 Fetching cart list for User:1
INFO 2026-02-20 10:07:16,257 cart_item_service 7 140253956400832 Fetching cart list for User:1
INFO 2026-02-20 11:15:55,971 cart_item_service 164 137232094082752 Fetching cart list for User:1
INFO 2026-02-20 11:16:02,940 cart_item_service 164 137232102475456 Fetching cart list for User:1
INFO 2026-02-20 11:16:03,022 cart_item_service 164 137232102475456 Fetching cart list for User:1
INFO 2026-02-20 11:16:08,706 cart_item_service 164 137232102475456 Fetching cart list for User:1
INFO 2026-02-20 11:16:08,797 cart_item_service 164 137232102475456 Fetching cart list for User:1
INFO 2026-02-20 11:17:04,246 cart_item_service 164 137232350615232 Fetching cart list for User:1
INFO 2026-02-20 11:58:26,496 cart_item_service 164 137232110868160 Fetching cart list for User:1
INFO 2026-02-20 11:58:35,781 cart_item_service 164 137232094082752 Fetching cart list for User:1
INFO 2026-02-20 11:59:07,286 cart_item_service 164 137232110868160 Fetching cart list for User:1
INFO 2026-02-20 12:00:17,969 cart_item_service 164 137232119260864 Fetching cart list for User:1
INFO 2026-02-20 12:01:58,463 cart_item_service 164 137232102475456 Fetching cart list for User:1
INFO 2026-02-20 12:02:10,605 cart_item_service 164 137232094082752 Fetching cart list for User:1
INFO 2026-02-20 12:03:41,417 cart_item_service 164 137232119260864 Fetching cart list for User:1
INFO 2026-02-20 12:03:45,678 cart_item_service 164 137232342222528 Fetching cart list for User:1
INFO 2026-02-20 12:04:31,203 cart_item_service 164 137232119260864 Fetching cart list for User:1
INFO 2026-02-20 12:05:53,870 cart_item_service 164 137232342222528 Fetching cart list for User:1
INFO 2026-02-20 12:05:58,299 cart_item_service 164 137232342222528 Fetching cart list for User:1
INFO 2026-02-20 12:06:23,523 cart_item_service 164 137232119260864 Fetching cart list for User:1
INFO 2026-02-20 12:07:29,975 cart_item_service 164 137232094082752 Fetching cart list for User:1
INFO 2026-02-20 12:07:37,630 cart_item_service 164 137232350615232 Fetching cart list for User:1
INFO 2026-02-20 12:08:50,785 cart_item_service 164 137232108771008 Fetching cart list for User:1
INFO 2026-02-20 12:08:59,837 cart_item_service 164 137232342222528 Fetching cart list for User:1
INFO 2026-02-20 12:11:10,872 cart_item_service 164 137232342222528 Fetching cart list for User:1
INFO 2026-02-20 12:11:21,179 cart_item_service 164 137232119260864 Fetching cart list for User:1
INFO 2026-02-20 12:12:36,354 cart_item_service 164 137232108771008 Fetching cart list for User:1
INFO 2026-02-20 12:12:42,985 cart_item_service 164 137231704512192 Fetching cart list for User:1
INFO 2026-02-20 12:14:48,432 cart_item_service 164 137232108771008 Fetching cart list for User:18
INFO 2026-02-20 12:14:53,408 cart_item_service 164 137232075200192 Fetching cart list for User:18
INFO 2026-02-20 12:51:50,348 cart_item_service 488 123753731659456 Fetching cart list for User:1
INFO 2026-02-20 12:54:31,840 cart_item_service 488 123753740052160 Fetching cart list for User:1
INFO 2026-02-20 12:55:08,123 cart_item_service 488 123753756837568 Fetching cart list for User:1
INFO 2026-02-20 12:57:24,029 cart_item_service 488 123753740052160 Fetching cart list for User:1
INFO 2026-02-20 13:02:36,955 cart_item_service 488 123753756837568 Fetching cart list for User:1
INFO 2026-02-20 13:05:39,900 cart_item_service 488 123753367332544 Fetching cart list for User:1
INFO 2026-02-20 13:10:41,416 cart_item_service 488 123753740052160 Fetching cart list for User:1
INFO 2026-02-20 13:19:05,390 cart_item_service 488 123753367332544 Fetching cart list for User:1
INFO 2026-02-20 13:24:35,948 cart_item_service 488 123753740052160 Fetching cart list for User:1
INFO 2026-02-20 13:25:32,074 cart_item_service 488 123753751103168 Fetching cart list for User:1
INFO 2026-02-20 13:26:00,028 cart_item_service 488 123753367332544 Fetching cart list for User:1
INFO 2026-02-20 13:47:17,821 cart_item_service 7 137116275173056 Fetching cart list for User:1
INFO 2026-02-20 13:48:58,184 cart_item_service 7 137116275173056 Fetching cart list for User:1
INFO 2026-02-20 13:48:58,248 cart_item_service 7 137116275173056 Fetching cart list for User:1
INFO 2026-02-20 13:49:00,678 cart_item_service 7 137116275173056 Fetching cart list for User:1
INFO 2026-02-20 13:49:00,743 cart_item_service 7 137116275173056 Fetching cart list for User:1
INFO 2026-02-20 14:34:41,949 cart_item_service 7 137116256782016 Fetching cart list for User:1
INFO 2026-02-20 15:11:11,008 cart_item_service 7 137116248389312 Fetching cart list for User:1
INFO 2026-02-20 15:35:59,521 cart_item_service 7 137116248389312 Fetching cart list for User:1
INFO 2026-02-20 15:43:05,920 cart_item_service 7 137116248389312 Fetching cart list for User:1
INFO 2026-02-20 15:59:13,702 cart_item_service 7 137116281468608 Fetching cart list for User:1
INFO 2026-02-20 16:01:30,157 cart_item_service 7 137115874612928 Fetching cart list for User:1
INFO 2026-02-20 16:02:18,310 cart_item_service 7 137116239996608 Fetching cart list for User:1
INFO 2026-02-20 16:02:21,583 cart_item_service 7 137115874612928 Fetching cart list for User:1
INFO 2026-02-20 16:02:37,881 cart_item_service 7 137116239996608 Fetching cart list for User:1
INFO 2026-02-20 16:52:00,397 cart_item_service 7 137115849434816 Fetching cart list for User:1
INFO 2026-02-20 19:01:00,203 cart_item_service 279 133099425887936 Fetching cart list for User:1
INFO 2026-02-20 19:28:25,798 cart_item_service 279 133099800397504 Fetching cart list for User:1
INFO 2026-02-20 19:29:55,130 cart_item_service 279 133099808790208 Fetching cart list for User:1
INFO 2026-02-20 19:30:42,262 cart_item_service 279 133099783612096 Fetching cart list for User:1
INFO 2026-02-20 19:30:49,253 cart_item_service 279 133099425887936 Fetching cart list for User:1
INFO 2026-02-20 19:30:53,289 cart_item_service 279 133099771025088 Fetching cart list for User:1
INFO 2026-02-20 19:31:49,683 cart_item_service 279 133099771025088 Fetching cart list for User:1
INFO 2026-02-20 19:31:58,337 cart_item_service 279 133099783612096 Fetching cart list for User:1
INFO 2026-02-20 19:33:09,827 cart_item_service 279 133099771025088 Fetching cart list for User:1
INFO 2026-02-20 19:33:10,936 cart_item_service 279 133099425887936 Fetching cart list for User:1
INFO 2026-02-20 19:34:23,907 cart_item_service 279 133099783612096 Fetching cart list for User:1
INFO 2026-02-20 19:36:50,114 cart_item_service 279 133099808790208 Fetching cart list for User:1
INFO 2026-02-20 19:48:49,082 cart_item_service 279 133099808790208 Fetching cart list for User:1
INFO 2026-02-20 20:02:41,582 cart_item_service 279 133099417495232 Fetching cart list for User:1
INFO 2026-02-20 20:03:03,381 cart_item_service 279 133099417495232 Fetching cart list for User:1
INFO 2026-02-20 20:04:07,980 cart_item_service 279 133099409102528 Fetching cart list for User:1
INFO 2026-02-20 20:06:14,490 cart_item_service 279 133099417495232 Fetching cart list for User:1
INFO 2026-02-20 20:09:59,551 cart_item_service 279 133099409102528 Fetching cart list for User:1
INFO 2026-02-20 20:11:18,206 cart_item_service 279 133099425887936 Fetching cart list for User:1
INFO 2026-02-20 20:14:21,764 cart_item_service 279 133099771025088 Fetching cart list for User:1
INFO 2026-02-20 20:14:54,307 cart_item_service 279 133099788859072 Fetching cart list for User:1
INFO 2026-02-20 20:18:43,450 cart_item_service 279 133099771025088 Fetching cart list for User:1
INFO 2026-02-20 20:18:59,452 cart_item_service 279 133099788859072 Fetching cart list for User:1
INFO 2026-02-20 20:21:17,580 cart_item_service 279 133099771025088 Fetching cart list for User:1
INFO 2026-02-20 20:21:36,566 cart_item_service 279 133099771025088 Fetching cart list for User:1
INFO 2026-02-20 20:22:40,922 cart_item_service 279 133099425887936 Fetching cart list for User:1
INFO 2026-02-20 20:23:01,917 cart_item_service 279 133099409102528 Fetching cart list for User:1
INFO 2026-02-20 21:17:07,123 cart_item_service 279 133099771025088 Fetching cart list for User:1
INFO 2026-02-20 21:17:07,622 cart_item_service 279 133099771025088 Fetching cart list for User:1
INFO 2026-02-21 04:50:12,513 cart_item_service 7 135300655343296 Fetching cart list for User:1
INFO 2026-02-21 04:51:38,108 cart_item_service 7 135300655343296 Fetching cart list for User:1
INFO 2026-02-21 04:51:57,178 cart_item_service 7 135300646950592 Fetching cart list for User:1
INFO 2026-02-21 04:51:58,543 cart_item_service 7 135300621772480 Fetching cart list for User:1
INFO 2026-02-21 04:51:59,676 cart_item_service 7 135300621772480 Fetching cart list for User:1
INFO 2026-02-21 04:52:00,910 cart_item_service 7 135300612331200 Fetching cart list for User:1
INFO 2026-02-21 04:52:35,161 cart_item_service 7 135300636460736 Fetching cart list for User:1
INFO 2026-02-21 05:03:59,003 cart_item_service 7 135300646950592 Fetching cart list for User:1
INFO 2026-02-21 05:07:38,231 cart_item_service 7 135300612331200 Fetching cart list for User:1
INFO 2026-02-21 05:09:56,148 cart_item_service 7 135300655343296 Fetching cart list for User:1
INFO 2026-02-21 05:10:20,902 cart_item_service 7 135300621772480 Fetching cart list for User:1
INFO 2026-02-21 05:10:58,779 cart_item_service 7 135300612331200 Fetching cart list for User:1
INFO 2026-02-21 05:11:49,889 cart_item_service 7 135300636460736 Fetching cart list for User:1
INFO 2026-02-21 05:14:20,935 cart_item_service 7 135300612331200 Fetching cart list for User:1
INFO 2026-02-21 05:42:13,049 cart_item_service 7 135300623873728 Fetching cart list for User:1
INFO 2026-02-21 05:50:40,253 cart_item_service 7 135300623873728 Fetching cart list for User:1
INFO 2026-02-21 05:54:24,878 cart_item_service 7 135300612331200 Fetching cart list for User:1
INFO 2026-02-21 06:13:37,504 cart_item_service 7 135300623873728 Fetching cart list for User:1
INFO 2026-02-21 06:31:57,854 cart_item_service 7 135300612331200 Fetching cart list for User:1
INFO 2026-02-21 06:59:31,757 cart_item_service 7 135300612331200 Fetching cart list for User:1
INFO 2026-02-21 10:19:31,304 cart_item_service 382 126666732975808 Fetching cart list for User:1
INFO 2026-02-21 10:30:39,575 cart_item_service 382 126666732975808 Fetching cart list for User:1
INFO 2026-02-21 10:38:36,640 cart_item_service 382 126666732975808 Fetching cart list for User:1
INFO 2026-02-21 11:12:10,790 cart_item_service 382 126666732975808 Fetching cart list for User:1
INFO 2026-02-21 11:43:37,154 cart_item_service 382 126666748712640 Fetching cart list for User:1
INFO 2026-02-21 12:04:25,068 cart_item_service 382 126666748712640 Fetching cart list for User:1
INFO 2026-02-21 12:21:17,101 cart_item_service 382 126666715141824 Fetching cart list for User:1
INFO 2026-02-21 12:24:23,207 cart_item_service 382 126666748712640 Fetching cart list for User:1
INFO 2026-02-21 12:24:32,591 cart_item_service 382 126666757105344 Fetching cart list for User:1
INFO 2026-02-21 12:24:37,597 cart_item_service 382 126666715141824 Fetching cart list for User:1
INFO 2026-02-21 12:24:37,671 cart_item_service 382 126666715141824 Fetching cart list for User:1
INFO 2026-02-21 12:29:50,758 cart_item_service 382 126666748712640 Fetching cart list for User:1
INFO 2026-02-21 12:29:50,922 cart_item_service 382 126666748712640 Fetching cart list for User:1
INFO 2026-02-21 12:29:51,083 cart_item_service 382 126666748712640 Fetching cart list for User:1
INFO 2026-02-21 12:31:10,896 cart_item_service 382 126666370184896 Fetching cart list for User:1
INFO 2026-02-21 12:36:27,369 cart_item_service 382 126666757105344 Fetching cart list for User:1
INFO 2026-02-21 12:37:27,831 cart_item_service 382 126666748712640 Fetching cart list for User:1
INFO 2026-02-21 12:38:55,334 cart_item_service 382 126666370184896 Fetching cart list for User:1
INFO 2026-02-21 12:39:02,651 cart_item_service 382 126666748712640 Fetching cart list for User:1
INFO 2026-02-21 12:39:05,377 cart_item_service 382 126666757105344 Fetching cart list for User:1
INFO 2026-02-21 12:39:10,797 cart_item_service 382 126666370184896 Fetching cart list for User:1
INFO 2026-02-21 12:39:12,943 cart_item_service 382 126666715141824 Fetching cart list for User:1
INFO 2026-02-21 12:39:16,972 cart_item_service 382 126666757105344 Fetching cart list for User:1
INFO 2026-02-21 12:39:21,545 cart_item_service 382 126666748712640 Fetching cart list for User:1
INFO 2026-02-21 12:39:25,377 cart_item_service 382 126666370184896 Fetching cart list for User:1
INFO 2026-02-21 12:39:38,874 cart_item_service 382 126666715141824 Fetching cart list for User:1
INFO 2026-02-21 12:39:47,412 cart_item_service 382 126666757105344 Fetching cart list for User:1
INFO 2026-02-21 12:39:51,995 cart_item_service 382 126666370184896 Fetching cart list for User:1
INFO 2026-02-21 12:40:00,340 cart_item_service 382 126666757105344 Fetching cart list for User:1
INFO 2026-02-21 13:08:54,692 cart_item_service 382 126666370184896 Fetching cart list for User:1
INFO 2026-02-21 13:12:46,012 cart_item_service 382 126666370184896 Fetching cart list for User:1
INFO 2026-02-21 13:12:57,906 cart_item_service 382 126666370184896 Fetching cart list for User:1
INFO 2026-02-21 13:13:01,623 cart_item_service 382 126666370184896 Fetching cart list for User:1
INFO 2026-02-21 13:21:53,921 cart_item_service 382 126666724583104 Fetching cart list for User:1
INFO 2026-02-21 13:21:59,446 cart_item_service 382 126666757105344 Fetching cart list for User:1
INFO 2026-02-21 13:24:14,547 cart_item_service 382 126666715141824 Fetching cart list for User:1
INFO 2026-02-21 13:24:14,602 cart_item_service 382 126666715141824 Fetching cart list for User:1
INFO 2026-02-21 13:31:48,033 cart_item_service 382 126666361792192 Fetching cart list for User:1
INFO 2026-02-21 13:32:17,431 cart_item_service 382 126666732975808 Fetching cart list for User:1
INFO 2026-02-21 13:32:17,489 cart_item_service 382 126666732975808 Fetching cart list for User:1
INFO 2026-02-21 13:33:05,356 cart_item_service 382 126666724583104 Fetching cart list for User:1
INFO 2026-02-21 13:33:05,521 cart_item_service 382 126666724583104 Fetching cart list for User:1
INFO 2026-02-21 13:33:05,702 cart_item_service 382 126666724583104 Fetching cart list for User:1
INFO 2026-02-21 13:34:06,103 cart_item_service 382 126666724583104 Fetching cart list for User:1
INFO 2026-02-21 13:34:06,303 cart_item_service 382 126666361792192 Fetching cart list for User:1
INFO 2026-02-21 13:34:23,594 cart_item_service 382 126666724583104 Fetching cart list for User:1
INFO 2026-02-21 13:34:23,680 cart_item_service 382 126666724583104 Fetching cart list for User:1
INFO 2026-02-21 13:36:24,965 cart_item_service 382 126666361792192 Fetching cart list for User:1
INFO 2026-02-21 13:36:31,546 cart_item_service 382 126666361792192 Fetching cart list for User:1
INFO 2026-02-21 13:36:31,656 cart_item_service 382 126666361792192 Fetching cart list for User:1
INFO 2026-02-21 13:36:31,791 cart_item_service 382 126666361792192 Fetching cart list for User:1
INFO 2026-02-21 13:36:46,120 cart_item_service 382 126666724583104 Fetching cart list for User:1
INFO 2026-02-21 13:36:46,181 cart_item_service 382 126666724583104 Fetching cart list for User:1
INFO 2026-02-21 13:36:49,850 cart_item_service 382 126666724583104 Fetching cart list for User:1
INFO 2026-02-21 13:36:49,918 cart_item_service 382 126666724583104 Fetching cart list for User:1
INFO 2026-02-21 13:37:07,027 cart_item_service 382 126666361792192 Fetching cart list for User:1
INFO 2026-02-21 13:37:07,117 cart_item_service 382 126666361792192 Fetching cart list for User:1
INFO 2026-02-21 13:39:56,022 cart_item_service 382 126666724583104 Fetching cart list for User:1
INFO 2026-02-21 13:40:03,457 cart_item_service 382 126666724583104 Fetching cart list for User:1
INFO 2026-02-21 13:40:03,524 cart_item_service 382 126666724583104 Fetching cart list for User:1
INFO 2026-02-21 13:40:07,025 cart_item_service 382 126666724583104 Fetching cart list for User:1
INFO 2026-02-21 13:40:30,777 cart_item_service 382 126666732975808 Fetching cart list for User:1
INFO 2026-02-21 13:40:30,891 cart_item_service 382 126666732975808 Fetching cart list for User:1
INFO 2026-02-21 13:40:41,911 cart_item_service 382 126666732975808 Fetching cart list for User:1
INFO 2026-02-21 13:40:42,014 cart_item_service 382 126666732975808 Fetching cart list for User:1
INFO 2026-02-21 13:44:46,948 cart_item_service 382 126666732975808 Fetching cart list for User:1
INFO 2026-02-21 13:44:50,796 cart_item_service 382 126666724583104 Fetching cart list for User:1
INFO 2026-02-21 13:45:01,474 cart_item_service 382 126666361792192 Fetching cart list for User:1
INFO 2026-02-21 13:45:07,328 cart_item_service 382 126666732975808 Fetching cart list for User:1
INFO 2026-02-21 13:45:10,300 cart_item_service 382 126666361792192 Fetching cart list for User:1
INFO 2026-02-21 13:48:01,638 cart_item_service 382 126666361792192 Fetching cart list for User:1
INFO 2026-02-21 13:49:08,937 cart_item_service 382 126666732975808 Fetching cart list for User:1
INFO 2026-02-21 13:49:09,055 cart_item_service 382 126666732975808 Fetching cart list for User:1
INFO 2026-02-21 15:35:13,679 cart_item_service 382 126666724583104 Fetching cart list for User:1
INFO 2026-02-21 15:36:50,491 cart_item_service 382 126666748712640 Fetching cart list for User:1
INFO 2026-02-21 15:37:15,233 cart_item_service 382 126666757105344 Fetching cart list for User:1
INFO 2026-02-21 15:38:12,673 cart_item_service 382 126666732975808 Fetching cart list for User:1
INFO 2026-02-21 15:52:13,878 cart_item_service 382 126666748712640 Fetching cart list for User:1
INFO 2026-02-21 16:14:08,518 cart_item_service 382 126666715141824 Fetching cart list for User:1
INFO 2026-02-21 16:16:10,885 cart_item_service 382 126666748712640 Fetching cart list for User:1
INFO 2026-02-21 16:20:01,216 cart_item_service 382 126666724583104 Fetching cart list for User:1
INFO 2026-02-21 16:20:58,334 cart_item_service 382 126666748712640 Fetching cart list for User:1
INFO 2026-02-21 16:22:28,147 cart_item_service 382 126666724583104 Fetching cart list for User:1
INFO 2026-02-21 16:22:52,796 cart_item_service 382 126666748712640 Fetching cart list for User:1
INFO 2026-02-21 16:23:12,385 cart_item_service 382 126666757105344 Fetching cart list for User:1
INFO 2026-02-21 16:24:03,292 cart_item_service 382 126666724583104 Fetching cart list for User:1
INFO 2026-02-21 16:24:05,686 cart_item_service 382 126666748712640 Fetching cart list for User:1
INFO 2026-02-21 16:24:08,852 cart_item_service 382 126666757105344 Fetching cart list for User:1
INFO 2026-02-21 16:25:35,388 cart_item_service 382 126666748712640 Fetching cart list for User:1
INFO 2026-02-21 16:35:53,981 cart_item_service 382 126666732975808 Fetching cart list for User:1
INFO 2026-02-21 16:54:44,977 cart_item_service 382 126666724583104 Fetching cart list for User:1
INFO 2026-02-21 17:02:49,929 cart_item_service 382 126666757105344 Fetching cart list for User:1
INFO 2026-02-21 17:13:17,574 cart_item_service 382 126666715141824 Fetching cart list for User:1
INFO 2026-02-21 18:27:33,418 cart_item_service 889 138103599658688 Fetching cart list for User:1
INFO 2026-02-21 18:28:25,548 cart_item_service 889 138103599658688 Fetching cart list for User:1
INFO 2026-02-21 18:29:01,888 cart_item_service 889 138103677425344 Fetching cart list for User:1
INFO 2026-02-21 18:45:17,525 cart_item_service 889 138103599658688 Fetching cart list for User:1
INFO 2026-02-21 19:02:46,838 cart_item_service 889 138103571334848 Fetching cart list for User:1
INFO 2026-02-21 19:03:03,202 cart_item_service 889 138103591265984 Fetching cart list for User:1
INFO 2026-02-21 22:06:54,026 cart_item_service 889 138103599658688 Fetching cart list for User:1
INFO 2026-02-21 22:19:35,546 cart_item_service 889 138103560844992 Fetching cart list for User:1
INFO 2026-02-21 22:22:25,791 cart_item_service 889 138103582873280 Fetching cart list for User:1
INFO 2026-02-21 22:22:30,385 cart_item_service 889 138103571334848 Fetching cart list for User:1
INFO 2026-02-21 22:23:10,468 cart_item_service 889 138103560844992 Fetching cart list for Session:oofwphaqdaquj5p1l8yavx8wuzx6jyxy
INFO 2026-02-21 22:23:34,839 cart_item_service 889 138103571334848 Fetching cart list for Session:vyz8z776gnup4rpu9z1nddbbb8emfouz
INFO 2026-02-21 22:24:01,133 cart_item_service 889 138103591265984 Fetching cart list for Session:kd680sevcotu4pcj64bo3upq6adncbz1
INFO 2026-02-21 22:24:25,308 cart_item_service 889 138103591265984 Fetching cart list for User:1
INFO 2026-02-21 22:24:45,805 cart_item_service 889 138103571334848 Fetching cart list for User:1
INFO 2026-02-21 22:26:01,895 cart_item_service 889 138103599658688 Fetching cart list for User:1
INFO 2026-02-21 22:27:00,949 cart_item_service 889 138103591265984 Fetching cart list for User:1
INFO 2026-02-21 22:28:10,446 cart_item_service 889 138103571334848 Fetching cart list for User:1
INFO 2026-02-21 22:28:21,878 cart_item_service 889 138103599658688 Fetching cart list for User:1
INFO 2026-02-21 22:29:46,327 cart_item_service 889 138103560844992 Fetching cart list for User:1
INFO 2026-02-21 22:33:17,055 cart_item_service 889 138103582873280 Fetching cart list for User:1
INFO 2026-02-21 22:40:57,302 cart_item_service 889 138103571334848 Fetching cart list for User:1
INFO 2026-02-21 23:03:48,998 cart_item_service 889 138103591265984 Fetching cart list for User:1
INFO 2026-02-21 23:20:53,150 cart_item_service 1117 137138557408960 Fetching cart list for User:1
INFO 2026-02-21 23:29:03,010 cart_item_service 1130 138276840736448 Fetching cart list for User:1
INFO 2026-02-21 23:30:08,110 cart_item_service 1130 138277097215680 Fetching cart list for User:1
INFO 2026-02-21 23:30:59,127 cart_item_service 1130 138277088822976 Fetching cart list for User:1
INFO 2026-02-21 23:37:35,052 cart_item_service 1130 138277088822976 Fetching cart list for User:1
INFO 2026-02-21 23:50:05,625 cart_item_service 1130 138277093021376 Fetching cart list for User:1
INFO 2026-02-21 23:57:05,900 cart_item_service 1130 138276840736448 Fetching cart list for User:1
INFO 2026-02-21 23:57:39,557 cart_item_service 1130 138276849129152 Fetching cart list for User:1
INFO 2026-02-22 00:00:36,144 cart_item_service 1130 138277093021376 Fetching cart list for User:1
INFO 2026-02-22 00:38:13,793 cart_item_service 1130 138276823951040 Fetching cart list for User:1
INFO 2026-02-22 02:23:32,893 cart_item_service 7 131222164457152 Fetching cart list for User:1
INFO 2026-02-22 10:05:35,322 cart_item_service 7 127477605185216 Fetching cart list for User:1
INFO 2026-02-23 02:14:23,720 cart_item_service 21 128653360010944 Fetching cart list for User:1
INFO 2026-02-23 02:23:14,394 cart_item_service 21 128653128103616 Fetching cart list for User:1
INFO 2026-02-23 02:40:50,823 cart_item_service 21 128653351618240 Fetching cart list for User:1
INFO 2026-02-23 02:41:42,706 cart_item_service 21 128653128103616 Fetching cart list for User:1
INFO 2026-02-23 02:45:39,788 cart_item_service 21 128653128103616 Fetching cart list for User:1
INFO 2026-02-23 02:46:46,711 cart_item_service 21 128653360010944 Fetching cart list for User:1
INFO 2026-02-23 02:47:22,875 cart_item_service 21 128653351618240 Fetching cart list for User:1
INFO 2026-02-23 02:48:34,700 cart_item_service 21 128653119710912 Fetching cart list for User:1
INFO 2026-02-23 02:49:35,085 cart_item_service 21 128653111318208 Fetching cart list for User:1
INFO 2026-02-23 02:50:49,792 cart_item_service 21 128653128103616 Fetching cart list for User:1
INFO 2026-02-23 02:53:57,925 cart_item_service 21 128653128103616 Fetching cart list for User:1
INFO 2026-02-23 03:17:08,989 cart_item_service 153 135163063293632 Fetching cart list for User:1
INFO 2026-02-23 03:17:10,319 cart_item_service 153 135163071686336 Fetching cart list for User:1
INFO 2026-02-23 03:17:16,464 cart_item_service 153 135163080079040 Fetching cart list for User:1
INFO 2026-02-23 03:17:18,298 cart_item_service 153 135163071686336 Fetching cart list for User:1
INFO 2026-02-23 03:17:22,987 cart_item_service 153 135163080079040 Fetching cart list for User:1
INFO 2026-02-23 03:17:24,809 cart_item_service 153 135163071686336 Fetching cart list for User:1
INFO 2026-02-23 03:17:36,388 cart_item_service 153 135163063293632 Fetching cart list for User:1
INFO 2026-02-23 03:17:38,223 cart_item_service 153 135163071686336 Fetching cart list for User:1
INFO 2026-02-23 03:17:47,327 cart_item_service 153 135163080079040 Fetching cart list for User:1
INFO 2026-02-23 03:17:52,851 cart_item_service 153 135163063293632 Fetching cart list for User:1
INFO 2026-02-23 03:17:54,331 cart_item_service 153 135163071686336 Fetching cart list for User:1
INFO 2026-02-23 03:18:33,345 cart_item_service 153 135163063293632 Fetching cart list for User:1
INFO 2026-02-23 03:19:20,071 cart_item_service 153 135163071686336 Fetching cart list for User:1
INFO 2026-02-23 03:19:20,142 cart_item_service 153 135163071686336 Fetching cart list for User:1
INFO 2026-02-23 07:38:20,330 cart_item_service 153 135163080079040 Fetching cart list for User:1
INFO 2026-02-23 07:38:20,563 cart_item_service 153 135163080079040 Fetching cart list for User:1
INFO 2026-02-23 07:38:20,739 cart_item_service 153 135163080079040 Fetching cart list for User:1
INFO 2026-02-23 07:39:47,345 cart_item_service 153 135163052803776 Fetching cart list for User:1
INFO 2026-02-23 07:39:47,434 cart_item_service 153 135163052803776 Fetching cart list for User:1
INFO 2026-02-23 07:39:47,512 cart_item_service 153 135163052803776 Fetching cart list for User:1
INFO 2026-02-23 18:55:26,001 cart_item_service 277 130100314261184 Fetching cart list for User:1
INFO 2026-02-23 18:55:30,759 cart_item_service 277 130100543784640 Fetching cart list for User:1
INFO 2026-02-24 09:07:44,889 cart_item_service 9 127131799504576 Fetching cart list for User:21
INFO 2026-02-24 09:09:14,129 cart_item_service 9 127131799504576 Fetching cart list for User:21
INFO 2026-02-24 09:10:54,249 cart_item_service 9 127131409434304 Fetching cart list for User:22
INFO 2026-02-24 09:13:28,590 cart_item_service 9 127131786917568 Fetching cart list for User:22
INFO 2026-02-24 09:16:25,970 cart_item_service 9 127131434612416 Fetching cart list for User:21
INFO 2026-02-24 09:17:08,592 cart_item_service 9 127131099068096 Fetching cart list for User:21
INFO 2026-02-24 09:23:58,775 cart_item_service 9 127131434612416 Fetching cart list for User:21
INFO 2026-02-24 09:52:13,269 cart_item_service 9 127131384256192 Fetching cart list for User:21
INFO 2026-02-24 09:53:13,734 cart_item_service 9 127131384256192 Fetching cart list for User:21
INFO 2026-02-24 09:56:12,081 cart_item_service 9 127131384256192 Fetching cart list for User:21
INFO 2026-02-24 09:56:15,006 cart_item_service 9 127131392648896 Fetching cart list for User:21
INFO 2026-02-24 09:58:47,326 cart_item_service 9 127131392648896 Fetching cart list for User:21
INFO 2026-02-24 10:00:08,337 cart_item_service 9 127131384256192 Fetching cart list for User:21
INFO 2026-02-24 10:00:30,180 cart_item_service 9 127131384256192 Fetching cart list for User:21
INFO 2026-02-24 10:01:32,554 cart_item_service 9 127131384256192 Fetching cart list for User:21
INFO 2026-02-24 10:02:01,857 cart_item_service 9 127131392648896 Fetching cart list for User:21
INFO 2026-02-24 10:02:04,840 cart_item_service 9 127131392648896 Fetching cart list for User:21
INFO 2026-02-24 10:02:06,549 cart_item_service 9 127131786917568 Fetching cart list for User:21
INFO 2026-02-24 10:02:11,491 cart_item_service 9 127131392648896 Fetching cart list for User:21
INFO 2026-02-24 10:02:28,537 cart_item_service 9 127131392648896 Fetching cart list for User:21
INFO 2026-02-24 10:04:04,184 cart_item_service 9 127131384256192 Fetching cart list for User:21
INFO 2026-02-24 10:11:35,981 cart_item_service 9 127131434612416 Fetching cart list for User:21
INFO 2026-02-24 10:16:47,045 cart_item_service 9 127131384256192 Fetching cart list for User:21
INFO 2026-02-24 10:20:10,994 cart_item_service 9 127131392648896 Fetching cart list for User:21
INFO 2026-02-24 10:39:16,187 cart_item_service 9 127131392648896 Fetching cart list for User:21
INFO 2026-02-24 10:42:08,873 cart_item_service 9 127131392648896 Fetching cart list for User:21
INFO 2026-02-24 10:42:36,137 cart_item_service 9 127131434612416 Fetching cart list for User:21
INFO 2026-02-24 10:51:55,107 cart_item_service 9 127131786917568 Fetching cart list for User:21
INFO 2026-02-24 10:51:58,299 cart_item_service 9 127131384256192 Fetching cart list for User:21
INFO 2026-02-24 10:53:30,345 cart_item_service 9 127131786917568 Fetching cart list for User:21
INFO 2026-02-24 10:54:10,543 cart_item_service 9 127131417827008 Fetching cart list for User:21
INFO 2026-02-24 11:01:27,102 cart_item_service 9 127131426219712 Fetching cart list for User:21
INFO 2026-02-24 12:02:34,874 cart_item_service 9 127131417827008 Fetching cart list for User:21
INFO 2026-02-26 02:56:53,112 cart_item_service 7 132892946179776 Fetching cart list for User:21
INFO 2026-02-26 02:59:22,964 cart_item_service 7 132892954572480 Fetching cart list for User:21
INFO 2026-02-26 02:59:55,795 cart_item_service 7 132892946179776 Fetching cart list for User:21
INFO 2026-02-26 03:29:33,144 cart_item_service 7 132892990822080 Fetching cart list for User:21
INFO 2026-02-26 03:32:44,614 cart_item_service 7 132892954572480 Fetching cart list for User:21
INFO 2026-02-26 03:55:23,911 cart_item_service 7 132892963665600 Fetching cart list for User:21
INFO 2026-02-26 03:55:31,436 cart_item_service 7 132892954572480 Fetching cart list for User:21
INFO 2026-02-26 03:56:29,584 cart_item_service 7 132892990822080 Fetching cart list for User:21
INFO 2026-02-26 03:57:20,318 cart_item_service 7 132892946179776 Fetching cart list for User:21
INFO 2026-02-26 03:58:16,086 cart_item_service 7 132892946179776 Fetching cart list for User:21
INFO 2026-02-26 03:59:04,507 cart_item_service 7 132892954572480 Fetching cart list for User:21
INFO 2026-02-26 03:59:25,011 cart_item_service 7 132892990822080 Fetching cart list for User:21
INFO 2026-02-26 03:59:26,223 cart_item_service 7 132892946179776 Fetching cart list for User:21
INFO 2026-02-26 03:59:31,090 cart_item_service 7 132892990822080 Fetching cart list for User:21
INFO 2026-02-26 03:59:34,376 cart_item_service 7 132892954572480 Fetching cart list for User:21
INFO 2026-02-26 03:59:35,256 cart_item_service 7 132892554405568 Fetching cart list for User:21
INFO 2026-02-26 03:59:56,813 cart_item_service 7 132892946179776 Fetching cart list for User:21
INFO 2026-02-26 04:00:04,042 cart_item_service 7 132892946179776 Fetching cart list for User:21
INFO 2026-02-26 04:00:07,586 cart_item_service 7 132892954572480 Fetching cart list for User:21
INFO 2026-02-26 04:00:08,937 cart_item_service 7 132892554405568 Fetching cart list for User:21
INFO 2026-02-26 04:00:21,822 cart_item_service 7 132892946179776 Fetching cart list for User:21
INFO 2026-02-26 04:07:45,180 cart_item_service 7 132892972058304 Fetching cart list for User:21
INFO 2026-02-26 04:13:44,144 cart_item_service 7 132892972058304 Fetching cart list for User:21
INFO 2026-02-26 04:13:48,970 cart_item_service 7 132892571190976 Fetching cart list for User:21
INFO 2026-02-26 04:15:22,689 cart_item_service 7 132892972058304 Fetching cart list for User:21
INFO 2026-02-26 04:16:20,269 cart_item_service 7 132892571190976 Fetching cart list for User:21
INFO 2026-02-26 04:25:09,964 cart_item_service 7 132892972058304 Fetching cart list for User:21
INFO 2026-02-26 04:33:24,627 cart_item_service 7 132892972058304 Fetching cart list for User:21
INFO 2026-02-26 04:46:21,475 cart_item_service 7 132892955272896 Fetching cart list for User:21
INFO 2026-02-26 05:06:23,361 cart_item_service 7 132892990822080 Fetching cart list for User:21
INFO 2026-02-26 05:09:35,451 cart_item_service 7 132892963665600 Fetching cart list for User:21
INFO 2026-02-26 05:11:09,869 cart_item_service 7 132892990822080 Fetching cart list for User:21
INFO 2026-02-26 05:11:30,687 cart_item_service 7 132892990822080 Fetching cart list for User:21
INFO 2026-02-26 05:11:38,328 cart_item_service 7 132892955272896 Fetching cart list for User:21
INFO 2026-02-26 05:13:10,250 cart_item_service 7 132892990822080 Fetching cart list for User:21
INFO 2026-02-26 05:14:24,510 cart_item_service 7 132892955272896 Fetching cart list for User:21
INFO 2026-02-26 05:27:34,151 cart_item_service 7 132892571190976 Fetching cart list for User:21
INFO 2026-02-26 05:27:43,363 cart_item_service 7 132892571190976 Fetching cart list for User:21
INFO 2026-02-26 05:28:26,790 cart_item_service 7 132892946880192 Fetching cart list for User:21
INFO 2026-02-26 05:58:37,459 cart_item_service 7 132892972058304 Fetching cart list for User:21
INFO 2026-02-26 06:01:42,271 cart_item_service 7 132892571190976 Fetching cart list for User:21
INFO 2026-02-26 06:27:34,856 cart_item_service 7 132892955272896 Fetching cart list for User:21
INFO 2026-02-26 06:29:49,306 cart_item_service 7 132892990822080 Fetching cart list for User:21
INFO 2026-02-26 06:31:44,286 cart_item_service 7 132892955272896 Fetching cart list for User:21
INFO 2026-02-26 06:34:29,514 cart_item_service 7 132892990822080 Fetching cart list for User:21
INFO 2026-02-26 06:34:36,420 cart_item_service 7 132892955272896 Fetching cart list for User:21
INFO 2026-02-26 06:42:34,893 cart_item_service 7 132892955272896 Fetching cart list for User:21
INFO 2026-02-26 06:54:31,914 cart_item_service 7 132892963665600 Fetching cart list for User:21
INFO 2026-02-26 06:57:02,253 cart_item_service 7 132892963665600 Fetching cart list for User:21
INFO 2026-02-26 06:57:28,052 cart_item_service 7 132892972058304 Fetching cart list for User:21
INFO 2026-02-26 07:15:03,948 cart_item_service 7 132892972058304 Fetching cart list for User:21
INFO 2026-02-26 07:15:11,317 cart_item_service 7 132892963665600 Fetching cart list for User:21
INFO 2026-02-26 07:24:32,903 cart_item_service 7 132892955272896 Fetching cart list for User:21
INFO 2026-02-26 07:24:35,699 cart_item_service 7 132892963665600 Fetching cart list for User:21
INFO 2026-02-26 07:24:46,147 cart_item_service 7 132892579583680 Fetching cart list for User:21
INFO 2026-02-26 07:25:32,849 cart_item_service 7 132892990822080 Fetching cart list for User:21
INFO 2026-02-26 07:25:55,203 cart_item_service 7 132892596369088 Fetching cart list for User:21
INFO 2026-02-26 07:29:59,147 cart_item_service 7 132892579583680 Fetching cart list for User:21
INFO 2026-02-26 07:39:58,328 cart_item_service 7 132892972058304 Fetching cart list for User:21
INFO 2026-02-26 07:44:40,313 cart_item_service 7 132892990822080 Fetching cart list for User:21
INFO 2026-02-26 07:46:17,615 cart_item_service 7 132892972058304 Fetching cart list for User:21
INFO 2026-02-26 08:02:46,778 cart_item_service 7 132892972058304 Fetching cart list for User:21
INFO 2026-02-26 09:39:03,018 cart_item_service 7 132892963665600 Fetching cart list for User:21
INFO 2026-02-26 10:00:21,935 cart_item_service 7 132892946880192 Fetching cart list for User:21
INFO 2026-02-26 10:10:52,239 cart_item_service 7 132892990822080 Fetching cart list for User:21
INFO 2026-02-26 10:31:39,100 cart_item_service 7 132892946880192 Fetching cart list for User:21
INFO 2026-02-26 10:38:26,248 cart_item_service 7 132892972058304 Fetching cart list for User:21
INFO 2026-02-26 10:44:06,258 cart_item_service 7 132892972058304 Fetching cart list for User:21
INFO 2026-02-26 10:44:47,700 cart_item_service 7 132892972058304 Fetching cart list for User:21
INFO 2026-02-26 10:45:11,132 cart_item_service 7 132892972058304 Fetching cart list for User:21
INFO 2026-02-26 10:46:28,782 cart_item_service 7 132892972058304 Fetching cart list for User:21
INFO 2026-02-26 11:11:26,125 cart_item_service 7 132892955272896 Fetching cart list for User:21
INFO 2026-02-26 11:11:48,058 cart_item_service 7 132892972058304 Fetching cart list for User:21
INFO 2026-02-26 11:13:07,086 cart_item_service 7 132892946880192 Fetching cart list for User:21
INFO 2026-02-26 11:13:12,090 cart_item_service 7 132892972058304 Fetching cart list for User:21
INFO 2026-02-26 11:14:17,844 cart_item_service 7 132892946880192 Fetching cart list for User:21
INFO 2026-02-26 11:15:46,949 cart_item_service 7 132892955272896 Fetching cart list for User:21
INFO 2026-02-26 11:18:07,298 cart_item_service 7 132892963665600 Fetching cart list for User:21
INFO 2026-02-26 11:19:15,201 cart_item_service 7 132892946880192 Fetching cart list for User:21
INFO 2026-02-26 11:19:52,006 cart_item_service 7 132892990822080 Fetching cart list for User:21
INFO 2026-02-26 11:20:20,568 cart_item_service 7 132892955272896 Fetching cart list for User:21
INFO 2026-02-26 11:25:12,770 cart_item_service 7 132892955272896 Fetching cart list for User:21
INFO 2026-02-26 11:25:58,125 cart_item_service 7 132892571190976 Fetching cart list for User:21
INFO 2026-02-26 11:27:32,196 cart_item_service 7 132892571190976 Fetching cart list for User:21
INFO 2026-02-26 11:29:31,516 cart_item_service 7 132892955272896 Fetching cart list for User:21
INFO 2026-02-26 11:29:54,368 cart_item_service 7 132892571190976 Fetching cart list for User:21
INFO 2026-02-26 11:30:23,841 cart_item_service 7 132892946880192 Fetching cart list for User:21
INFO 2026-02-26 11:30:23,944 cart_item_service 7 132892946880192 Fetching cart list for User:21
INFO 2026-02-26 11:46:14,159 cart_item_service 267 130864739780288 Fetching cart list for User:21
INFO 2026-02-26 11:46:15,063 cart_item_service 267 130864739780288 Fetching cart list for User:21
INFO 2026-02-26 11:57:25,312 cart_item_service 267 130864711456448 Fetching cart list for User:21
INFO 2026-02-26 11:57:25,376 cart_item_service 267 130864711456448 Fetching cart list for User:21
INFO 2026-02-26 12:10:18,903 cart_item_service 267 130864365172416 Fetching cart list for User:21
INFO 2026-02-26 12:13:12,607 cart_item_service 267 130864711456448 Fetching cart list for User:21
INFO 2026-02-26 12:14:18,290 cart_item_service 267 130864711456448 Fetching cart list for User:21
INFO 2026-02-26 12:25:30,211 cart_item_service 267 130864711456448 Fetching cart list for User:21
INFO 2026-02-26 13:57:21,021 cart_item_service 305 123604672952000 Fetching cart list for User:21
INFO 2026-02-26 13:57:52,464 cart_item_service 305 123604672952000 Fetching cart list for User:21
INFO 2026-02-26 13:57:58,131 cart_item_service 305 123604681344704 Fetching cart list for User:21
INFO 2026-02-26 13:57:59,356 cart_item_service 305 123604681344704 Fetching cart list for User:21
INFO 2026-02-26 13:59:04,158 cart_item_service 305 123604700227264 Fetching cart list for User:21
INFO 2026-02-26 13:59:30,504 cart_item_service 305 123604672952000 Fetching cart list for User:21
INFO 2026-05-09 09:12:11,795 cart_item_service 14 137371207055040 Fetching cart list for User:1
INFO 2026-05-20 14:12:26,044 cart_item_service 7 139745849140928 Fetching cart list for User:1
INFO 2026-05-20 14:16:39,287 cart_item_service 7 139745849140928 Fetching cart list for User:1
INFO 2026-05-20 14:29:23,911 cart_item_service 7 139745485125312 Fetching cart list for User:1
INFO 2026-05-20 14:30:36,224 cart_item_service 7 139745865926336 Fetching cart list for User:1
INFO 2026-05-20 14:31:10,974 cart_item_service 7 139745485125312 Fetching cart list for User:1
INFO 2026-05-20 14:31:41,752 cart_item_service 7 139745874319040 Fetching cart list for User:1
INFO 2026-05-20 14:33:49,410 cart_item_service 7 139745865926336 Fetching cart list for User:1
INFO 2026-05-20 14:34:00,989 cart_item_service 7 139745485125312 Fetching cart list for User:1
INFO 2026-05-20 15:23:10,728 cart_item_service 7 139745874319040 Fetching cart list for User:1
INFO 2026-05-20 15:30:18,460 cart_item_service 7 139745840748224 Fetching cart list for User:1
INFO 2026-05-23 05:53:57,286 cart_item_service 7 137846323308224 Fetching cart list for User:1
INFO 2026-05-23 06:09:56,434 cart_item_service 7 137846314915520 Fetching cart list for User:1
INFO 2026-05-23 06:10:26,724 cart_item_service 7 137846323308224 Fetching cart list for User:1
INFO 2026-05-23 06:28:58,911 cart_item_service 7 137845941454528 Fetching cart list for User:1
INFO 2026-05-23 06:31:19,406 cart_item_service 7 137846314915520 Fetching cart list for User:1
INFO 2026-05-23 06:31:19,501 cart_item_service 7 137845941454528 Fetching cart list for User:1
INFO 2026-05-23 06:31:21,285 cart_item_service 7 137845941454528 Fetching cart list for User:1
INFO 2026-05-23 06:31:21,336 cart_item_service 7 137846314915520 Fetching cart list for User:1
INFO 2026-05-23 06:32:40,572 cart_item_service 7 137846323308224 Fetching cart list for User:1
INFO 2026-05-23 06:32:40,629 cart_item_service 7 137845941454528 Fetching cart list for User:1
INFO 2026-05-23 06:32:46,404 cart_item_service 7 137846336947904 Fetching cart list for User:1
INFO 2026-05-23 07:15:17,196 cart_item_service 7 137846314915520 Fetching cart list for User:1
INFO 2026-05-23 07:15:17,342 cart_item_service 7 137846328555200 Fetching cart list for User:1
INFO 2026-05-23 07:16:23,005 cart_item_service 7 137846328555200 Fetching cart list for User:1
INFO 2026-05-23 07:16:23,146 cart_item_service 7 137846314915520 Fetching cart list for User:1
INFO 2026-05-23 07:16:24,442 cart_item_service 7 137846314915520 Fetching cart list for User:1
INFO 2026-05-23 07:16:24,516 cart_item_service 7 137846328555200 Fetching cart list for User:1
INFO 2026-05-23 07:17:22,118 cart_item_service 7 137846314915520 Fetching cart list for User:1
INFO 2026-05-23 07:17:22,192 cart_item_service 7 137846328555200 Fetching cart list for User:1
INFO 2026-05-23 07:17:22,280 cart_item_service 7 137846314915520 Fetching cart list for User:1
INFO 2026-05-23 07:17:22,358 cart_item_service 7 137846328555200 Fetching cart list for User:1
INFO 2026-05-23 07:17:37,621 cart_item_service 7 137846328555200 Fetching cart list for User:1
INFO 2026-05-23 07:17:37,707 cart_item_service 7 137846314915520 Fetching cart list for User:1
INFO 2026-05-23 07:17:38,939 cart_item_service 7 137846314915520 Fetching cart list for User:1
INFO 2026-05-23 07:17:39,003 cart_item_service 7 137846328555200 Fetching cart list for User:1
INFO 2026-05-23 07:35:45,995 cart_item_service 7 137846328555200 Fetching cart list for User:1
INFO 2026-05-23 07:36:57,594 cart_item_service 7 137846336947904 Fetching cart list for User:1
INFO 2026-05-23 07:37:16,807 cart_item_service 7 137846328555200 Fetching cart list for User:1
INFO 2026-05-23 07:37:16,871 cart_item_service 7 137845966632640 Fetching cart list for User:1
INFO 2026-05-23 07:42:16,932 cart_item_service 7 137845933061824 Fetching cart list for User:1
INFO 2026-05-23 07:42:17,080 cart_item_service 7 137845958239936 Fetching cart list for User:1
INFO 2026-05-23 07:42:17,156 cart_item_service 7 137845933061824 Fetching cart list for User:1
INFO 2026-05-23 08:05:42,209 cart_item_service 54 139513825326784 Fetching cart list for User:1
INFO 2026-05-23 08:11:55,296 cart_item_service 54 139514201937600 Fetching cart list for User:1
INFO 2026-05-23 08:15:44,187 cart_item_service 54 139513825326784 Fetching cart list for User:1
INFO 2026-05-23 08:15:44,338 cart_item_service 54 139514201937600 Fetching cart list for User:1
INFO 2026-05-23 08:15:46,973 cart_item_service 54 139514201937600 Fetching cart list for User:1
INFO 2026-05-23 08:15:47,038 cart_item_service 54 139513825326784 Fetching cart list for User:1
INFO 2026-05-23 08:21:23,003 cart_item_service 54 139514193544896 Fetching cart list for User:1
INFO 2026-05-23 09:00:08,444 cart_item_service 54 139514193544896 Fetching cart list for User:1
INFO 2026-05-23 10:05:07,220 cart_item_service 54 139514201937600 Fetching cart list for User:1
INFO 2026-05-23 10:07:14,739 cart_item_service 54 139513816934080 Fetching cart list for User:1
INFO 2026-05-23 10:11:03,002 cart_item_service 54 139513825326784 Fetching cart list for User:1
INFO 2026-05-23 10:12:10,073 cart_item_service 54 139513825326784 Fetching cart list for User:1
INFO 2026-05-23 10:12:10,209 cart_item_service 54 139513816934080 Fetching cart list for User:1
INFO 2026-05-23 10:12:31,014 cart_item_service 54 139513816934080 Fetching cart list for User:1
INFO 2026-05-23 10:12:31,100 cart_item_service 54 139513825326784 Fetching cart list for User:1
INFO 2026-05-23 10:17:44,872 cart_item_service 54 139513825326784 Fetching cart list for User:1
<<<<<<< HEAD
INFO 2026-05-24 18:23:42,234 cart_item_service 8 124191077725888 Fetching cart list for User:1
INFO 2026-05-24 18:27:07,086 cart_item_service 8 124191094511296 Fetching cart list for User:1
INFO 2026-05-24 18:27:07,285 cart_item_service 8 124191077725888 Fetching cart list for User:1
INFO 2026-06-01 06:40:43,778 cart_item_service 7 124105071433408 Fetching cart list for User:1
INFO 2026-06-01 12:05:06,124 cart_item_service 7 124104774489792 Fetching cart list for User:1
INFO 2026-06-01 12:20:32,139 cart_item_service 7 124104824846016 Fetching cart list for User:1
INFO 2026-06-01 12:23:03,464 cart_item_service 7 124104824846016 Fetching cart list for User:1
INFO 2026-06-01 12:37:08,266 cart_item_service 7 124105042687680 Fetching cart list for User:1
INFO 2026-06-01 12:45:55,312 cart_item_service 7 124104816453312 Fetching cart list for User:1
INFO 2026-06-01 12:46:02,575 cart_item_service 7 124104816453312 Fetching cart list for User:1
INFO 2026-06-01 12:46:12,600 cart_item_service 7 124104816453312 Fetching cart list for User:1
INFO 2026-06-01 17:59:21,731 cart_item_service 7 139665594734272 Fetching cart list for User:1
INFO 2026-06-01 18:00:25,722 cart_item_service 7 139665222923968 Fetching cart list for User:1
INFO 2026-06-01 18:04:34,572 cart_item_service 7 139665594734272 Fetching cart list for User:1
INFO 2026-06-01 18:04:51,090 cart_item_service 7 139665594734272 Fetching cart list for User:1
INFO 2026-06-01 18:05:03,783 cart_item_service 7 139665577948864 Fetching cart list for User:1
INFO 2026-06-01 18:06:21,369 cart_item_service 7 139665222923968 Fetching cart list for User:1
INFO 2026-06-01 18:07:11,935 cart_item_service 7 139665594734272 Fetching cart list for User:1
INFO 2026-06-01 18:07:54,156 cart_item_service 7 139665222923968 Fetching cart list for User:1
INFO 2026-06-01 18:08:44,792 cart_item_service 7 139665569556160 Fetching cart list for User:1
INFO 2026-06-01 18:10:10,144 cart_item_service 7 139665577948864 Fetching cart list for User:1
INFO 2026-06-01 18:17:35,776 cart_item_service 7 139665222923968 Fetching cart list for User:1
=======
INFO 2026-06-01 10:18:48,566 cart_item_service 171 131561986090688 Fetching cart list for User:1
INFO 2026-06-01 10:48:30,531 cart_item_service 235 131532492629696 Fetching cart list for User:1
INFO 2026-06-01 10:48:47,896 cart_item_service 235 131532492629696 Fetching cart list for User:1
INFO 2026-06-01 10:49:02,647 cart_item_service 235 131532484236992 Fetching cart list for User:1
INFO 2026-06-01 10:53:18,991 cart_item_service 244 137078123955904 Fetching cart list for User:1
INFO 2026-06-01 10:55:14,735 cart_item_service 244 137077907781312 Fetching cart list for User:1
INFO 2026-06-01 10:57:08,290 cart_item_service 244 137078132348608 Fetching cart list for User:1
INFO 2026-06-01 10:57:19,294 cart_item_service 244 137077882603200 Fetching cart list for User:1
INFO 2026-06-01 10:58:21,338 cart_item_service 244 137077907781312 Fetching cart list for User:1
INFO 2026-06-01 11:06:35,233 cart_item_service 261 126858234427072 Fetching cart list for User:1
INFO 2026-06-01 11:07:39,314 cart_item_service 261 126858226034368 Fetching cart list for User:1
INFO 2026-06-01 11:07:39,346 cart_item_service 261 126858234427072 Fetching cart list for User:1
INFO 2026-06-01 11:08:21,320 cart_item_service 261 126858234427072 Fetching cart list for User:1
INFO 2026-06-01 11:08:21,380 cart_item_service 261 126858226034368 Fetching cart list for User:1
INFO 2026-06-01 11:12:41,915 cart_item_service 261 126858317436608 Fetching cart list for User:1
INFO 2026-06-01 11:12:41,963 cart_item_service 261 126858226034368 Fetching cart list for User:1
INFO 2026-06-01 11:12:42,876 cart_item_service 261 126858226034368 Fetching cart list for User:1
INFO 2026-06-01 11:12:42,908 cart_item_service 261 126858317436608 Fetching cart list for User:1
INFO 2026-06-01 11:12:49,649 cart_item_service 261 126858317436608 Fetching cart list for User:1
INFO 2026-06-01 11:12:49,721 cart_item_service 261 126858226034368 Fetching cart list for User:1
INFO 2026-06-01 11:12:50,578 cart_item_service 261 126858226034368 Fetching cart list for User:1
INFO 2026-06-01 11:12:50,629 cart_item_service 261 126858317436608 Fetching cart list for User:1
INFO 2026-06-01 11:30:14,168 cart_item_service 272 125068535707328 Fetching cart list for User:1
INFO 2026-06-01 11:31:27,661 cart_item_service 272 125068527314624 Fetching cart list for User:1
INFO 2026-06-01 11:32:12,118 cart_item_service 272 125068516824768 Fetching cart list for User:1
INFO 2026-06-01 11:33:21,878 cart_item_service 272 125068554442432 Fetching cart list for User:1
>>>>>>> debf3403d6a239088024e2bb9f6b32ee2bac7f5a
INFO 2026-06-02 20:40:36,619 cart_item_service 7 129908818560704 Fetching cart list for User:1
INFO 2026-06-02 20:41:00,411 cart_item_service 7 129908818560704 Fetching cart list for User:1
INFO 2026-06-02 20:41:00,514 cart_item_service 7 129908592338624 Fetching cart list for User:1
INFO 2026-06-02 20:41:17,862 cart_item_service 7 129908592338624 Fetching cart list for User:1
INFO 2026-06-02 20:41:18,049 cart_item_service 7 129908583945920 Fetching cart list for User:1
INFO 2026-06-02 20:41:18,328 cart_item_service 7 129908818560704 Fetching cart list for User:1
INFO 2026-06-03 08:13:56,653 cart_item_service 7 135518646068928 Fetching cart list for User:1
INFO 2026-06-03 08:20:04,099 cart_item_service 7 135518654461632 Fetching cart list for User:1
INFO 2026-06-03 08:20:19,387 cart_item_service 7 135518654461632 Fetching cart list for User:1
INFO 2026-06-03 08:28:07,848 cart_item_service 7 135518654461632 Fetching cart list for User:1
INFO 2026-06-03 08:28:08,171 cart_item_service 7 135518281144000 Fetching cart list for User:1
INFO 2026-06-03 08:28:28,158 cart_item_service 7 135518281144000 Fetching cart list for User:1
INFO 2026-06-03 08:28:44,365 cart_item_service 7 135518281144000 Fetching cart list for User:1
INFO 2026-06-03 08:28:44,460 cart_item_service 7 135518654461632 Fetching cart list for User:1
INFO 2026-06-03 08:29:39,996 cart_item_service 7 135518654461632 Fetching cart list for User:1
INFO 2026-06-03 08:29:42,746 cart_item_service 7 135518654461632 Fetching cart list for User:1
INFO 2026-06-03 08:29:42,883 cart_item_service 7 135518281144000 Fetching cart list for User:1
INFO 2026-06-03 08:48:49,796 cart_item_service 7 135518654461632 Fetching cart list for User:1
INFO 2026-06-03 08:48:49,883 cart_item_service 7 135518281144000 Fetching cart list for User:1
INFO 2026-06-03 08:48:50,918 cart_item_service 7 135518281144000 Fetching cart list for User:1
INFO 2026-06-03 08:48:50,979 cart_item_service 7 135518654461632 Fetching cart list for User:1
INFO 2026-06-03 08:49:35,364 cart_item_service 7 135518654461632 Fetching cart list for User:1
INFO 2026-06-03 08:49:35,422 cart_item_service 7 135518281144000 Fetching cart list for User:1
INFO 2026-06-03 08:49:54,604 cart_item_service 7 135518247573184 Fetching cart list for User:1
INFO 2026-06-03 08:50:53,090 cart_item_service 7 135518654461632 Fetching cart list for User:1
INFO 2026-06-03 08:50:53,244 cart_item_service 7 135518247573184 Fetching cart list for User:1
INFO 2026-06-03 08:50:54,394 cart_item_service 7 135518247573184 Fetching cart list for User:1
INFO 2026-06-03 08:50:54,539 cart_item_service 7 135518654461632 Fetching cart list for User:1
INFO 2026-06-03 09:00:22,872 cart_item_service 7 135518662854336 Fetching cart list for User:1
INFO 2026-06-03 14:27:30,406 cart_item_service 7 135518662854336 Fetching cart list for User:1
INFO 2026-06-03 14:27:56,401 cart_item_service 7 135518662854336 Fetching cart list for User:1
INFO 2026-06-03 14:27:56,486 cart_item_service 7 135518297781952 Fetching cart list for User:1
INFO 2026-06-03 14:27:58,493 cart_item_service 7 135518297781952 Fetching cart list for User:1
INFO 2026-06-03 14:27:58,565 cart_item_service 7 135518662854336 Fetching cart list for User:1
INFO 2026-06-03 14:28:12,239 cart_item_service 7 135518297781952 Fetching cart list for User:1
INFO 2026-06-03 14:28:12,847 cart_item_service 7 135518654461632 Fetching cart list for User:1
INFO 2026-06-03 14:28:13,085 cart_item_service 7 135518297781952 Fetching cart list for User:1
INFO 2026-06-03 14:34:14,022 cart_item_service 7 135518646068928 Fetching cart list for User:1
INFO 2026-06-03 14:36:35,351 cart_item_service 7 135518662854336 Fetching cart list for User:1
INFO 2026-06-03 14:45:20,122 cart_item_service 7 135518646068928 Fetching cart list for User:1
INFO 2026-06-03 14:47:39,910 cart_item_service 7 135518297781952 Fetching cart list for User:1
INFO 2026-06-03 14:53:22,089 cart_item_service 7 135518281144000 Fetching cart list for User:1
INFO 2026-06-03 14:55:01,366 cart_item_service 7 135518646068928 Fetching cart list for User:1
INFO 2026-06-03 14:55:26,727 cart_item_service 7 135518662854336 Fetching cart list for User:1
INFO 2026-06-03 14:56:00,225 cart_item_service 7 135518281144000 Fetching cart list for User:1
INFO 2026-06-03 14:56:21,242 cart_item_service 7 135518662854336 Fetching cart list for User:1
INFO 2026-06-03 14:59:21,045 cart_item_service 7 135518662854336 Fetching cart list for User:1
INFO 2026-06-03 15:01:13,892 cart_item_service 7 135518646068928 Fetching cart list for User:1
INFO 2026-06-03 15:02:09,671 cart_item_service 7 135518297781952 Fetching cart list for User:1
INFO 2026-06-03 15:03:58,452 cart_item_service 7 135518297781952 Fetching cart list for User:1
INFO 2026-06-03 17:17:17,155 cart_item_service 101 138022955759296 Fetching cart list for User:1
INFO 2026-06-03 17:17:33,090 cart_item_service 101 138022955759296 Fetching cart list for User:1
INFO 2026-06-03 19:07:32,347 cart_item_service 101 138022973593280 Fetching cart list for User:1
INFO 2026-06-03 19:15:52,649 cart_item_service 101 138022947366592 Fetching cart list for User:1
INFO 2026-06-03 19:24:40,415 cart_item_service 101 138022955759296 Fetching cart list for User:1
INFO 2026-06-03 19:26:04,750 cart_item_service 101 138022598211264 Fetching cart list for User:1
INFO 2026-06-03 19:30:09,650 cart_item_service 101 138022965200576 Fetching cart list for User:1
INFO 2026-06-03 19:33:23,641 cart_item_service 101 138022955759296 Fetching cart list for User:1
INFO 2026-06-03 19:36:54,542 cart_item_service 101 138022598211264 Fetching cart list for User:1
INFO 2026-06-03 19:38:50,990 cart_item_service 101 138022965200576 Fetching cart list for User:1
INFO 2026-06-03 19:47:51,944 cart_item_service 101 138022947366592 Fetching cart list for User:1
INFO 2026-06-03 19:50:51,131 cart_item_service 101 138022990378688 Fetching cart list for User:1
INFO 2026-06-03 19:52:16,577 cart_item_service 101 138022965200576 Fetching cart list for User:1
INFO 2026-06-03 19:53:58,870 cart_item_service 101 138022990378688 Fetching cart list for User:1
INFO 2026-06-03 19:54:51,327 cart_item_service 101 138022965200576 Fetching cart list for User:1
INFO 2026-06-03 20:00:24,853 cart_item_service 101 138022990378688 Fetching cart list for User:1
INFO 2026-06-03 20:03:47,685 cart_item_service 101 138022598211264 Fetching cart list for User:1
INFO 2026-06-03 20:07:52,442 cart_item_service 101 138022990378688 Fetching cart list for User:1
INFO 2026-06-03 20:09:52,282 cart_item_service 101 138022598211264 Fetching cart list for User:1
INFO 2026-06-04 12:49:07,799 cart_item_service 7 139458301302464 Fetching cart list for User:1
INFO 2026-06-04 12:50:31,504 cart_item_service 7 139457922594496 Fetching cart list for User:1
INFO 2026-06-13 17:29:31,876 cart_item_service 7 134606078600896 Fetching cart list for User:1
INFO 2026-06-13 17:29:51,249 cart_item_service 7 134606078600896 Fetching cart list for User:1
INFO 2026-06-13 17:29:51,315 cart_item_service 7 134606086993600 Fetching cart list for User:1
INFO 2026-06-13 17:29:52,478 cart_item_service 7 134606086993600 Fetching cart list for User:1
INFO 2026-06-13 17:29:52,511 cart_item_service 7 134606078600896 Fetching cart list for User:1
INFO 2026-06-13 18:22:19,152 cart_item_service 82 131289889892032 Fetching cart list for User:1
INFO 2026-06-13 18:22:58,276 cart_item_service 82 131289898284736 Fetching cart list for User:1
INFO 2026-06-13 18:58:48,902 cart_item_service 91 129286626338496 Fetching cart list for User:1
INFO 2026-06-13 18:59:07,552 cart_item_service 91 129286626338496 Fetching cart list for User:1
INFO 2026-06-13 18:59:07,592 cart_item_service 91 129286854051520 Fetching cart list for User:1
INFO 2026-06-13 18:59:11,907 cart_item_service 91 129286854051520 Fetching cart list for User:1
INFO 2026-06-13 18:59:11,992 cart_item_service 91 129286626338496 Fetching cart list for User:1
INFO 2026-06-13 19:00:02,436 cart_item_service 91 129286854051520 Fetching cart list for User:2
INFO 2026-06-13 19:00:20,472 cart_item_service 91 129286854051520 Fetching cart list for User:2
INFO 2026-06-13 19:00:20,531 cart_item_service 91 129286862444224 Fetching cart list for User:2
INFO 2026-06-13 19:00:24,761 cart_item_service 91 129286862444224 Fetching cart list for User:2
INFO 2026-06-13 19:00:24,809 cart_item_service 91 129286854051520 Fetching cart list for User:2
INFO 2026-06-13 19:00:31,885 cart_item_service 91 129286862444224 Fetching cart list for User:2
INFO 2026-06-13 19:00:42,700 cart_item_service 91 129286635779776 Fetching cart list for User:3
INFO 2026-06-13 19:01:21,215 cart_item_service 91 129286854051520 Fetching cart list for User:6
INFO 2026-06-13 19:01:31,331 cart_item_service 91 129286854051520 Fetching cart list for User:6
INFO 2026-06-13 19:01:31,381 cart_item_service 91 129286862444224 Fetching cart list for User:6
INFO 2026-06-13 19:01:32,257 cart_item_service 91 129286862444224 Fetching cart list for User:6
INFO 2026-06-13 19:01:32,294 cart_item_service 91 129286854051520 Fetching cart list for User:6
INFO 2026-06-14 10:30:18,758 cart_item_service 7 125334108231360 Fetching cart list for User:1
INFO 2026-06-14 10:30:21,069 cart_item_service 7 125334108231360 Fetching cart list for User:1
INFO 2026-06-14 10:46:07,832 cart_item_service 7 125334125016768 Fetching cart list for User:1
INFO 2026-06-14 10:47:31,604 cart_item_service 7 125334116624064 Fetching cart list for User:1
INFO 2026-06-14 10:48:13,717 cart_item_service 7 125334108231360 Fetching cart list for User:1
INFO 2026-06-14 10:48:52,298 cart_item_service 7 125334125016768 Fetching cart list for User:1
INFO 2026-06-14 10:55:13,536 cart_item_service 7 125334475392704 Fetching cart list for User:1
INFO 2026-06-14 10:55:13,625 cart_item_service 7 125334125016768 Fetching cart list for User:1
INFO 2026-06-14 10:55:15,855 cart_item_service 7 125334125016768 Fetching cart list for User:1
INFO 2026-06-14 10:55:15,930 cart_item_service 7 125334475392704 Fetching cart list for User:1
INFO 2026-06-14 10:56:02,690 cart_item_service 7 125334475392704 Fetching cart list for User:1
INFO 2026-06-14 10:56:19,879 cart_item_service 7 125334518404800 Fetching cart list for User:1
INFO 2026-06-14 10:56:28,799 cart_item_service 7 125334518404800 Fetching cart list for User:1
INFO 2026-06-14 10:58:06,605 cart_item_service 7 125334518404800 Fetching cart list for User:1
INFO 2026-06-14 11:00:06,303 cart_item_service 7 125334475392704 Fetching cart list for User:1
INFO 2026-06-14 11:00:06,368 cart_item_service 7 125334125016768 Fetching cart list for User:1
INFO 2026-06-14 11:00:13,193 cart_item_service 7 125334475392704 Fetching cart list for User:1
INFO 2026-06-14 11:00:13,274 cart_item_service 7 125334125016768 Fetching cart list for User:1
INFO 2026-06-14 11:00:16,929 cart_item_service 7 125334125016768 Fetching cart list for User:1
INFO 2026-06-14 11:00:17,017 cart_item_service 7 125334475392704 Fetching cart list for User:1
INFO 2026-06-14 11:01:06,860 cart_item_service 7 125334518404800 Fetching cart list for User:1
INFO 2026-06-14 11:01:06,932 cart_item_service 7 125334125016768 Fetching cart list for User:1
INFO 2026-06-14 11:01:08,687 cart_item_service 7 125334125016768 Fetching cart list for User:1
INFO 2026-06-14 11:01:08,756 cart_item_service 7 125334518404800 Fetching cart list for User:1
INFO 2026-06-14 11:01:39,729 cart_item_service 7 125334125016768 Fetching cart list for User:1
INFO 2026-06-14 11:01:39,844 cart_item_service 7 125334518404800 Fetching cart list for User:1
INFO 2026-06-14 11:03:09,154 cart_item_service 7 125334125016768 Fetching cart list for User:1
INFO 2026-06-14 11:03:09,269 cart_item_service 7 125334475392704 Fetching cart list for User:1
INFO 2026-06-14 11:08:16,485 cart_item_service 7 125334475392704 Fetching cart list for User:1
INFO 2026-06-14 11:08:17,211 cart_item_service 7 125334475392704 Fetching cart list for User:1
INFO 2026-06-14 11:08:27,284 cart_item_service 7 125334475392704 Fetching cart list for User:1
INFO 2026-06-14 11:10:52,009 cart_item_service 7 125334475392704 Fetching cart list for User:1
INFO 2026-06-14 11:10:52,064 cart_item_service 7 125334518404800 Fetching cart list for User:1
INFO 2026-06-14 11:10:54,559 cart_item_service 7 125334518404800 Fetching cart list for User:1
INFO 2026-06-14 11:10:54,602 cart_item_service 7 125334475392704 Fetching cart list for User:1
INFO 2026-06-14 11:11:03,643 cart_item_service 7 125334475392704 Fetching cart list for User:1
INFO 2026-06-14 11:11:03,697 cart_item_service 7 125334518404800 Fetching cart list for User:1
INFO 2026-06-14 11:11:43,638 cart_item_service 7 125334518404800 Fetching cart list for User:1
INFO 2026-06-14 11:11:43,686 cart_item_service 7 125334475392704 Fetching cart list for User:1
INFO 2026-06-14 11:17:12,412 cart_item_service 7 125334475392704 Fetching cart list for User:1
INFO 2026-06-14 11:17:12,511 cart_item_service 7 125334518404800 Fetching cart list for User:1
INFO 2026-06-14 11:17:16,156 cart_item_service 7 125334518404800 Fetching cart list for User:1
INFO 2026-06-14 11:17:16,202 cart_item_service 7 125334475392704 Fetching cart list for User:1
INFO 2026-06-14 11:17:23,387 cart_item_service 7 125334475392704 Fetching cart list for User:1
INFO 2026-06-14 11:17:23,434 cart_item_service 7 125334518404800 Fetching cart list for User:1
INFO 2026-06-14 11:17:28,305 cart_item_service 7 125334518404800 Fetching cart list for User:1
INFO 2026-06-14 11:17:28,350 cart_item_service 7 125334475392704 Fetching cart list for User:1
INFO 2026-06-14 11:17:33,363 cart_item_service 7 125334475392704 Fetching cart list for User:1
INFO 2026-06-14 11:17:33,413 cart_item_service 7 125334518404800 Fetching cart list for User:1
INFO 2026-06-14 11:18:29,350 cart_item_service 7 125334518404800 Fetching cart list for User:1
INFO 2026-06-14 11:18:40,291 cart_item_service 7 125334518404800 Fetching cart list for User:1
INFO 2026-06-14 11:18:50,929 cart_item_service 7 125334518404800 Fetching cart list for User:1
INFO 2026-06-14 11:19:33,239 cart_item_service 7 125334518404800 Fetching cart list for User:1
INFO 2026-06-14 11:19:33,298 cart_item_service 7 125334475392704 Fetching cart list for User:1
INFO 2026-06-14 11:19:38,272 cart_item_service 7 125334518404800 Fetching cart list for User:1
INFO 2026-06-14 11:19:38,319 cart_item_service 7 125334475392704 Fetching cart list for User:1
INFO 2026-06-14 11:20:41,190 cart_item_service 7 125334125016768 Fetching cart list for User:1
INFO 2026-06-14 11:20:41,245 cart_item_service 7 125334518404800 Fetching cart list for User:1
INFO 2026-06-14 11:20:55,654 cart_item_service 7 125334518404800 Fetching cart list for User:1
INFO 2026-06-14 11:20:55,817 cart_item_service 7 125334125016768 Fetching cart list for User:1
INFO 2026-06-14 11:20:55,939 cart_item_service 7 125334518404800 Fetching cart list for User:1
INFO 2026-06-14 11:21:32,754 cart_item_service 7 125334518404800 Fetching cart list for User:1
INFO 2026-06-14 11:21:37,605 cart_item_service 7 125334475392704 Fetching cart list for User:1
INFO 2026-06-14 11:21:37,696 cart_item_service 7 125334518404800 Fetching cart list for User:1
INFO 2026-06-14 11:22:12,236 cart_item_service 7 125334518404800 Fetching cart list for User:1
INFO 2026-06-14 11:44:27,893 cart_item_service 7 125334125016768 Fetching cart list for User:1
INFO 2026-06-14 11:44:28,077 cart_item_service 7 125334108231360 Fetching cart list for User:1
INFO 2026-06-14 11:44:28,662 cart_item_service 7 125334108231360 Fetching cart list for User:1
INFO 2026-06-14 12:27:35,799 cart_item_service 7 125334125016768 Fetching cart list for User:1
INFO 2026-06-14 12:27:35,961 cart_item_service 7 125334475392704 Fetching cart list for User:1
INFO 2026-06-14 12:27:36,069 cart_item_service 7 125334518404800 Fetching cart list for User:1
INFO 2026-06-14 12:27:49,753 cart_item_service 7 125334475392704 Fetching cart list for User:1
INFO 2026-06-14 12:27:49,829 cart_item_service 7 125334518404800 Fetching cart list for User:1
INFO 2026-06-14 12:27:51,175 cart_item_service 7 125334518404800 Fetching cart list for User:1
INFO 2026-06-14 12:27:51,252 cart_item_service 7 125334475392704 Fetching cart list for User:1
INFO 2026-06-14 12:47:39,123 cart_item_service 7 125334496376512 Fetching cart list for User:4
INFO 2026-06-14 12:47:48,840 cart_item_service 7 125334108231360 Fetching cart list for User:4
INFO 2026-06-14 12:47:53,586 cart_item_service 7 125334108231360 Fetching cart list for User:4
INFO 2026-06-14 12:47:58,218 cart_item_service 7 125334496376512 Fetching cart list for User:4
INFO 2026-06-14 12:48:18,622 cart_item_service 7 125334108231360 Fetching cart list for User:4
INFO 2026-06-14 12:48:39,544 cart_item_service 7 125334518404800 Fetching cart list for User:4
INFO 2026-06-14 12:48:54,343 cart_item_service 7 125334475392704 Fetching cart list for User:4
INFO 2026-06-21 14:39:57,321 cart_item_service 86 138779898844864 Fetching cart list for User:1
INFO 2026-07-23 20:42:25,412 cart_item_service 7 130556729747136 Fetching cart list for User:1
INFO 2026-07-23 20:42:30,805 cart_item_service 7 130556738139840 Fetching cart list for User:1
INFO 2026-07-23 20:42:36,803 cart_item_service 7 130556721354432 Fetching cart list for User:1
INFO 2026-07-23 20:42:44,880 cart_item_service 7 130556721354432 Fetching cart list for User:1
INFO 2026-07-23 20:42:44,945 cart_item_service 7 130556721354432 Fetching cart list for User:1
INFO 2026-07-23 20:42:46,028 cart_item_service 7 130556721354432 Fetching cart list for User:1
INFO 2026-07-23 20:42:46,091 cart_item_service 7 130556721354432 Fetching cart list for User:1
