INFO 2025-12-07 17:25:01,269 auth_serivce 15 140288882546368 Staff login successful: User 'admin' (ID: 2)
WARNING 2025-12-07 17:25:09,088 auth_serivce 15 140288882546368 Login failed: Invalid credentials for user 'admin'
INFO 2025-12-08 18:17:31,109 auth_serivce 149 139656520963776 Staff login successful: User 'admin' (ID: 2)
INFO 2025-12-08 18:18:13,557 auth_serivce 155 139791739033280 Staff login successful: User 'admin' (ID: 2)
INFO 2025-12-08 19:42:07,836 auth_serivce 41 140555546957504 Staff login successful: User 'admin' (ID: 2)
WARNING 2025-12-08 19:49:11,955 auth_serivce 46 140205870978752 Login denied: Non-staff user 'tarah' tried to access admin panel
WARNING 2025-12-08 19:50:15,887 auth_serivce 46 140205870978752 Login denied: Non-staff user 'tarah' tried to access admin panel
WARNING 2025-12-08 19:50:19,380 auth_serivce 46 140205870978752 Login denied: Non-staff user 'tarah' tried to access admin panel
WARNING 2025-12-08 19:53:57,103 auth_serivce 67 139896480069312 Login denied: Non-staff user 'tarah' tried to access admin panel
WARNING 2025-12-08 19:54:01,253 auth_serivce 67 139896480069312 Login denied: Non-staff user 'tarah' tried to access admin panel
INFO 2025-12-08 19:54:12,088 auth_serivce 67 139896480069312 Staff login successful: User 'tarah' (ID: 3)
INFO 2025-12-08 19:59:55,392 auth_serivce 87 139806989522624 Staff login successful: User 'tarah' (ID: 3)
INFO 2025-12-08 20:05:22,093 auth_serivce 104 140230806116032 Staff login successful: User 'tarah' (ID: 3)
INFO 2025-12-08 20:13:04,852 auth_serivce 187 140390360585920 Staff login successful: User 'tarah' (ID: 3)
INFO 2025-12-08 20:34:46,838 auth_serivce 7 139933341882048 Staff login successful: User 'tarah' (ID: 3)
INFO 2025-12-08 21:05:00,300 auth_serivce 99 140685311383232 Staff login successful: User 'tarah' (ID: 3)
INFO 2025-12-09 09:00:39,529 auth_serivce 144 140600160716480 Staff login successful: User 'tarah' (ID: 3)
INFO 2025-12-09 10:55:39,202 auth_serivce 188 140381690959552 Staff login successful: User 'admin' (ID: 2)
INFO 2025-12-10 11:51:14,764 auth_serivce 48 140379376748224 Staff login successful: User 'tarah' (ID: 3)
WARNING 2025-12-10 13:49:02,811 auth_serivce 297 140307739940544 Login denied: Non-staff user 'chapgar' tried to access admin panel
WARNING 2025-12-10 13:49:10,274 auth_serivce 297 140307739940544 Login denied: Non-staff user 'chapgar' tried to access admin panel
INFO 2025-12-10 13:49:32,960 auth_serivce 297 140307739940544 Staff login successful: User 'chapgar' (ID: 4)
INFO 2025-12-10 14:01:44,796 auth_serivce 341 139637820659392 Staff login successful: User 'tarah' (ID: 3)
INFO 2025-12-10 14:07:00,170 auth_serivce 347 139834872035008 Staff login successful: User 'chapgar' (ID: 4)
INFO 2025-12-10 14:22:22,619 auth_serivce 414 140342508820160 Staff login successful: User 'tarah' (ID: 3)
INFO 2025-12-11 10:43:37,280 auth_serivce 144 139625410582208 Staff login successful: User 'tarah' (ID: 3)
INFO 2025-12-11 10:52:56,575 auth_serivce 177 140107671664320 Staff login successful: User 'tarah' (ID: 3)
INFO 2025-12-11 11:34:19,161 auth_serivce 321 140146787739328 Staff login successful: User 'control' (ID: 5)
INFO 2025-12-11 11:50:19,561 auth_serivce 363 140702288877248 Staff login successful: User 'control' (ID: 5)
INFO 2025-12-11 12:42:02,116 auth_serivce 463 140454960035520 Staff login successful: User 'chapgar' (ID: 4)
INFO 2025-12-11 12:53:45,443 auth_serivce 540 140209691989696 Staff login successful: User 'control' (ID: 5)
INFO 2025-12-12 09:25:07,075 auth_serivce 111 140534046766784 Staff login successful: User 'finance' (ID: 6)
INFO 2025-12-13 11:21:31,705 auth_serivce 378 139948053214912 Staff login successful: User 'finance' (ID: 6)
INFO 2025-12-13 11:21:42,061 auth_serivce 378 139948053214912 Staff login successful: User 'chapgar' (ID: 4)
INFO 2025-12-14 08:07:32,278 auth_serivce 51 140551078799040 Staff login successful: User 'tarah' (ID: 3)
INFO 2025-12-14 09:24:06,793 auth_serivce 273 140182825199296 Staff login successful: User 'tarah' (ID: 3)
WARNING 2025-12-14 13:43:36,763 auth_serivce 924 139744152385216 Login denied: Non-staff user 'tarah' tried to access admin panel
INFO 2025-12-14 13:44:13,638 auth_serivce 924 139744152385216 Staff login successful: User 'tarah' (ID: 7)
WARNING 2025-12-14 13:46:07,102 auth_serivce 924 139744051713728 Login failed: Invalid credentials for user 'admin'
INFO 2025-12-14 13:46:20,377 auth_serivce 924 139744051713728 Staff login successful: User 'admin' (ID: 2)
INFO 2025-12-14 17:56:08,693 auth_serivce 26 139630956504768 Staff login successful: User 'admin' (ID: 2)
INFO 2025-12-15 06:33:20,999 auth_serivce 8 139875248498368 Staff login successful: User 'admin' (ID: 2)
INFO 2025-12-16 07:11:11,694 auth_serivce 56 140610485876416 Staff login successful: User 'admin' (ID: 2)
INFO 2025-12-17 14:20:44,479 auth_serivce 65 140613666207424 Staff login successful: User 'admin' (ID: 2)
INFO 2025-12-17 14:21:22,530 auth_serivce 65 140613666207424 Staff login successful: User 'admin' (ID: 2)
INFO 2025-12-18 08:14:05,574 auth_serivce 140 140586246993600 Staff login successful: User 'admin' (ID: 2)
INFO 2025-12-19 11:42:03,192 auth_serivce 44 140370284373696 Staff login successful: User 'admin' (ID: 2)
INFO 2025-12-20 08:40:44,402 auth_serivce 23 139933271451328 Staff login successful: User 'admin' (ID: 2)
INFO 2025-12-20 10:53:31,366 auth_serivce 100 139695737534144 Staff login successful: User 'admin' (ID: 2)
INFO 2026-01-28 10:57:10,628 auth_serivce 84 140522266031808 Staff login successful: User 'admin' (ID: 1)
INFO 2026-01-28 10:59:11,533 auth_serivce 93 140131644208832 Staff login successful: User 'admin' (ID: 1)
INFO 2026-01-28 11:00:30,442 auth_serivce 97 140014323234496 Staff login successful: User 'admin' (ID: 1)
INFO 2026-01-28 11:50:27,836 auth_serivce 130 140242439890624 Staff login successful: User 'admin' (ID: 1)
INFO 2026-01-28 13:55:04,797 auth_serivce 288 140189327423168 Staff login successful: User 'admin' (ID: 1)
INFO 2026-01-28 14:34:03,298 auth_serivce 39 139843674830528 Staff login successful: User 'admin' (ID: 1)
WARNING 2026-01-29 10:22:15,736 auth_serivce 9 130873852683968 Login failed: Invalid credentials for user 'admin'
INFO 2026-01-29 10:22:42,358 auth_serivce 9 130873852683968 Staff login successful: User 'admin' (ID: 1)
INFO 2026-01-29 11:06:26,334 auth_serivce 122 130125943269056 Staff login successful: User 'tarah' (ID: 2)
INFO 2026-01-29 11:35:23,094 auth_serivce 136 129354098001600 Staff login successful: User 'chap' (ID: 3)
INFO 2026-01-29 12:08:41,665 auth_serivce 217 135578719876800 Staff login successful: User 'tarah' (ID: 2)
INFO 2026-01-29 12:19:56,818 auth_serivce 217 135578469254848 Staff login successful: User 'admin' (ID: 1)
INFO 2026-01-29 12:58:03,495 auth_serivce 273 133445793601216 Staff login successful: User 'wh' (ID: 4)
INFO 2026-01-29 13:53:09,444 auth_serivce 356 135339111872192 Staff login successful: User 'wh' (ID: 4)
INFO 2026-01-29 14:09:26,860 auth_serivce 370 139475010176704 Staff login successful: User 'wh' (ID: 4)
INFO 2026-01-29 14:09:38,573 auth_serivce 370 139475010176704 Staff login successful: User 'admin' (ID: 1)
INFO 2026-01-29 14:11:43,003 auth_serivce 370 139475010176704 Staff login successful: User 'wh' (ID: 4)
INFO 2026-01-30 18:12:58,272 auth_serivce 19 136945837536960 Staff login successful: User 'admin' (ID: 1)
INFO 2026-02-01 06:26:46,556 auth_serivce 16 131058835125952 Staff login successful: User 'admin' (ID: 1)
INFO 2026-02-01 06:28:48,300 auth_serivce 16 131058826733248 Staff login successful: User 'admin' (ID: 1)
INFO 2026-02-01 07:12:15,926 auth_serivce 66 140547819828928 Staff login successful: User 'admin' (ID: 1)
INFO 2026-02-01 07:28:04,768 auth_serivce 73 137663555303104 Staff login successful: User 'admin' (ID: 1)
INFO 2026-02-01 07:28:14,693 auth_serivce 73 137663555303104 Logout successful (Token blacklisted)
INFO 2026-02-01 07:28:24,919 auth_serivce 73 137663555303104 Staff login successful: User 'admin' (ID: 1)
INFO 2026-02-01 08:48:04,969 auth_serivce 167 124282295285440 Staff login successful: User 'admin' (ID: 1)
INFO 2026-02-01 09:21:52,517 auth_serivce 205 124031554549440 Staff login successful: User 'admin' (ID: 1)
INFO 2026-02-01 11:09:09,412 auth_serivce 300 139254641456832 Staff login successful: User 'admin' (ID: 1)
INFO 2026-02-12 15:25:37,949 auth_serivce 11 123279172957888 Staff login successful: User 'admin' (ID: 1)
INFO 2026-02-12 16:03:57,792 auth_serivce 30 124940834563776 Staff login successful: User 'admin' (ID: 1)
INFO 2026-02-13 16:22:22,501 auth_serivce 227 137227532236480 Staff login successful: User 'printer' (ID: 7)
INFO 2026-02-13 16:52:58,393 auth_serivce 290 138800953030336 Staff login successful: User 'admin' (ID: 1)
INFO 2026-02-14 07:54:07,205 auth_serivce 7 137802427659968 Staff login successful: User 'admin' (ID: 1)
INFO 2026-02-15 14:11:29,383 auth_serivce 94 124941489927872 Staff login successful: User 'admin' (ID: 1)
INFO 2026-02-16 12:33:38,667 auth_serivce 107 131103507601088 Staff login successful: User 'admin' (ID: 1)
WARNING 2026-02-17 07:41:42,658 auth_serivce 107 131103507601088 Login failed: Invalid credentials for user 'admin'
INFO 2026-02-17 07:42:09,559 auth_serivce 107 131103507601088 Staff login successful: User 'admin' (ID: 1)
INFO 2026-02-17 17:23:40,379 auth_serivce 7 132263115224768 Staff login successful: User 'admin' (ID: 1)
INFO 2026-02-18 05:36:50,082 auth_serivce 69 140665903109824 Staff login successful: User 'mmmaaannn' (ID: 12)
INFO 2026-02-18 06:35:53,242 auth_serivce 99 140202938988224 Staff login successful: User 'admin' (ID: 1)
INFO 2026-02-18 06:39:42,670 auth_serivce 99 140202929546944 Logout successful (Token blacklisted)
INFO 2026-02-18 06:39:55,292 auth_serivce 99 140202929546944 Staff login successful: User 'mmmaaannn' (ID: 12)
INFO 2026-02-18 09:31:24,800 auth_serivce 99 140202929546944 Logout successful (Token blacklisted)
INFO 2026-02-18 09:31:34,492 auth_serivce 99 140202929546944 Staff login successful: User 'design' (ID: 14)
INFO 2026-02-18 09:35:13,480 auth_serivce 99 140202929546944 Staff login successful: User 'admin' (ID: 1)
INFO 2026-02-18 10:57:25,486 auth_serivce 99 140202929546944 Logout successful (Token blacklisted)
INFO 2026-02-18 10:57:33,956 auth_serivce 99 140202929546944 Staff login successful: User 'print' (ID: 15)
INFO 2026-02-18 11:14:46,338 auth_serivce 99 140202929546944 Logout successful (Token blacklisted)
INFO 2026-02-18 11:14:58,422 auth_serivce 99 140202929546944 Staff login successful: User 'warehouse' (ID: 16)
INFO 2026-02-18 11:22:24,063 auth_serivce 99 140202929546944 Logout successful (Token blacklisted)
INFO 2026-02-18 11:22:34,079 auth_serivce 99 140202929546944 Staff login successful: User 'finance' (ID: 17)
INFO 2026-02-18 11:47:10,269 auth_serivce 180 136995823154880 Staff login successful: User 'admin' (ID: 1)
INFO 2026-02-18 12:53:50,132 auth_serivce 199 138235250464448 Logout successful (Token blacklisted)
INFO 2026-02-18 12:54:01,897 auth_serivce 199 138235250464448 Staff login successful: User 'print' (ID: 15)
INFO 2026-02-18 12:54:12,850 auth_serivce 199 138235250464448 Logout successful (Token blacklisted)
INFO 2026-02-18 12:54:21,655 auth_serivce 199 138235250464448 Staff login successful: User 'design' (ID: 14)
INFO 2026-02-18 14:26:22,114 auth_serivce 277 129026695886528 Staff login successful: User 'admin' (ID: 1)
